Component: ARM Compiler 5.05 update 1 (build 106) Tool: armlink [4d0efa]

==============================================================================

Section Cross References

    startup_stm32f407xx.o(RESET) refers to startup_stm32f407xx.o(STACK) for __initial_sp
    startup_stm32f407xx.o(RESET) refers to startup_stm32f407xx.o(.text) for Reset_Handler
    startup_stm32f407xx.o(RESET) refers to stm32f4xx_it.o(i.NMI_Handler) for NMI_Handler
    startup_stm32f407xx.o(RESET) refers to stm32f4xx_it.o(i.HardFault_Handler) for HardFault_Handler
    startup_stm32f407xx.o(RESET) refers to stm32f4xx_it.o(i.MemManage_Handler) for MemManage_Handler
    startup_stm32f407xx.o(RESET) refers to stm32f4xx_it.o(i.BusFault_Handler) for BusFault_Handler
    startup_stm32f407xx.o(RESET) refers to stm32f4xx_it.o(i.UsageFault_Handler) for UsageFault_Handler
    startup_stm32f407xx.o(RESET) refers to port.o(.emb_text) for SVC_Handler
    startup_stm32f407xx.o(RESET) refers to stm32f4xx_it.o(i.DebugMon_Handler) for DebugMon_Handler
    startup_stm32f407xx.o(RESET) refers to stm32f4xx_it.o(i.SysTick_Handler) for SysTick_Handler
    startup_stm32f407xx.o(RESET) refers to uart4.o(i.UART4_IRQHandler) for UART4_IRQHandler
    startup_stm32f407xx.o(RESET) refers to uart5.o(i.UART5_IRQHandler) for UART5_IRQHandler
    startup_stm32f407xx.o(RESET) refers to stm32f4xx_hal_timebase_tim.o(i.TIM6_DAC_IRQHandler) for TIM6_DAC_IRQHandler
    startup_stm32f407xx.o(RESET) refers to uart6.o(i.USART6_IRQHandler) for USART6_IRQHandler
    startup_stm32f407xx.o(.text) refers to system_stm32f4xx.o(i.SystemInit) for SystemInit
    startup_stm32f407xx.o(.text) refers to entry.o(.ARM.Collect$$$$00000000) for __main
    stm32f4xx_hal_rtc_ex.o(i.HAL_RTCEx_DeactivateCoarseCalib) refers to stm32f4xx_hal_rtc.o(i.RTC_EnterInitMode) for RTC_EnterInitMode
    stm32f4xx_hal_rtc_ex.o(i.HAL_RTCEx_DeactivateRefClock) refers to stm32f4xx_hal_rtc.o(i.RTC_EnterInitMode) for RTC_EnterInitMode
    stm32f4xx_hal_rtc_ex.o(i.HAL_RTCEx_DeactivateWakeUpTimer) refers to stm32f4xx_hal.o(i.HAL_GetTick) for HAL_GetTick
    stm32f4xx_hal_rtc_ex.o(i.HAL_RTCEx_GetTimeStamp) refers to stm32f4xx_hal_rtc.o(i.RTC_Bcd2ToByte) for RTC_Bcd2ToByte
    stm32f4xx_hal_rtc_ex.o(i.HAL_RTCEx_PollForAlarmBEvent) refers to stm32f4xx_hal.o(i.HAL_GetTick) for HAL_GetTick
    stm32f4xx_hal_rtc_ex.o(i.HAL_RTCEx_PollForTamper1Event) refers to stm32f4xx_hal.o(i.HAL_GetTick) for HAL_GetTick
    stm32f4xx_hal_rtc_ex.o(i.HAL_RTCEx_PollForTamper2Event) refers to stm32f4xx_hal.o(i.HAL_GetTick) for HAL_GetTick
    stm32f4xx_hal_rtc_ex.o(i.HAL_RTCEx_PollForTimeStampEvent) refers to stm32f4xx_hal.o(i.HAL_GetTick) for HAL_GetTick
    stm32f4xx_hal_rtc_ex.o(i.HAL_RTCEx_PollForWakeUpTimerEvent) refers to stm32f4xx_hal.o(i.HAL_GetTick) for HAL_GetTick
    stm32f4xx_hal_rtc_ex.o(i.HAL_RTCEx_SetCoarseCalib) refers to stm32f4xx_hal_rtc.o(i.RTC_EnterInitMode) for RTC_EnterInitMode
    stm32f4xx_hal_rtc_ex.o(i.HAL_RTCEx_SetRefClock) refers to stm32f4xx_hal_rtc.o(i.RTC_EnterInitMode) for RTC_EnterInitMode
    stm32f4xx_hal_rtc_ex.o(i.HAL_RTCEx_SetSmoothCalib) refers to stm32f4xx_hal.o(i.HAL_GetTick) for HAL_GetTick
    stm32f4xx_hal_rtc_ex.o(i.HAL_RTCEx_SetSynchroShift) refers to stm32f4xx_hal.o(i.HAL_GetTick) for HAL_GetTick
    stm32f4xx_hal_rtc_ex.o(i.HAL_RTCEx_SetSynchroShift) refers to stm32f4xx_hal_rtc.o(i.HAL_RTC_WaitForSynchro) for HAL_RTC_WaitForSynchro
    stm32f4xx_hal_rtc_ex.o(i.HAL_RTCEx_SetWakeUpTimer) refers to stm32f4xx_hal.o(i.HAL_GetTick) for HAL_GetTick
    stm32f4xx_hal_rtc_ex.o(i.HAL_RTCEx_SetWakeUpTimer_IT) refers to system_stm32f4xx.o(.data) for SystemCoreClock
    stm32f4xx_hal_rtc_ex.o(i.HAL_RTCEx_TamperTimeStampIRQHandler) refers to stm32f4xx_hal_rtc_ex.o(i.HAL_RTCEx_TimeStampEventCallback) for HAL_RTCEx_TimeStampEventCallback
    stm32f4xx_hal_rtc_ex.o(i.HAL_RTCEx_TamperTimeStampIRQHandler) refers to stm32f4xx_hal_rtc_ex.o(i.HAL_RTCEx_Tamper1EventCallback) for HAL_RTCEx_Tamper1EventCallback
    stm32f4xx_hal_rtc_ex.o(i.HAL_RTCEx_TamperTimeStampIRQHandler) refers to stm32f4xx_hal_rtc_ex.o(i.HAL_RTCEx_Tamper2EventCallback) for HAL_RTCEx_Tamper2EventCallback
    stm32f4xx_hal_rtc_ex.o(i.HAL_RTCEx_WakeUpTimerIRQHandler) refers to stm32f4xx_hal_rtc_ex.o(i.HAL_RTCEx_WakeUpTimerEventCallback) for HAL_RTCEx_WakeUpTimerEventCallback
    stm32f4xx_hal_uart.o(i.HAL_HalfDuplex_Init) refers to stm32f4xx_hal_msp.o(i.HAL_UART_MspInit) for HAL_UART_MspInit
    stm32f4xx_hal_uart.o(i.HAL_HalfDuplex_Init) refers to stm32f4xx_hal_uart.o(i.UART_SetConfig) for UART_SetConfig
    stm32f4xx_hal_uart.o(i.HAL_LIN_Init) refers to stm32f4xx_hal_msp.o(i.HAL_UART_MspInit) for HAL_UART_MspInit
    stm32f4xx_hal_uart.o(i.HAL_LIN_Init) refers to stm32f4xx_hal_uart.o(i.UART_SetConfig) for UART_SetConfig
    stm32f4xx_hal_uart.o(i.HAL_MultiProcessor_Init) refers to stm32f4xx_hal_msp.o(i.HAL_UART_MspInit) for HAL_UART_MspInit
[...]
    __FUNCTION__                             0x0800a148   Data          12  lm61.o(.constdata)
    __FUNCTION__                             0x0800a154   Data          31  lm61.o(.constdata)
    __FUNCTION__                             0x0800a173   Data          14  lm61.o(.constdata)
    __FUNCTION__                             0x0800a181   Data          14  lm61.o(.constdata)
    __FUNCTION__                             0x0800a18f   Data          23  lm61.o(.constdata)
    __FUNCTION__                             0x0800a1a6   Data          36  lm61.o(.constdata)
    __FUNCTION__                             0x0800a1ca   Data          10  lm61.o(.constdata)
    __FUNCTION__                             0x0800a1d4   Data          11  lm61.o(.constdata)
    __FUNCTION__                             0x0800a1df   Data          11  lm61.o(.constdata)
    .constdata                               0x0800a1ea   Section       27  uart6.o(.constdata)
    __FUNCTION__                             0x0800a1ea   Data          13  uart6.o(.constdata)
    __FUNCTION__                             0x0800a1f7   Data          14  uart6.o(.constdata)
    .constdata                               0x0800a205   Section       27  uart5.o(.constdata)
    __FUNCTION__                             0x0800a205   Data          13  uart5.o(.constdata)
    __FUNCTION__                             0x0800a212   Data          14  uart5.o(.constdata)
    .constdata                               0x0800a220   Section      209  cloud.o(.constdata)
    __FUNCTION__                             0x0800a220   Data          20  cloud.o(.constdata)
    __FUNCTION__                             0x0800a234   Data          15  cloud.o(.constdata)
    __FUNCTION__                             0x0800a243   Data          16  cloud.o(.constdata)
    __FUNCTION__                             0x0800a253   Data          21  cloud.o(.constdata)
    __FUNCTION__                             0x0800a268   Data          21  cloud.o(.constdata)
    __FUNCTION__                             0x0800a27d   Data          17  cloud.o(.constdata)
    __FUNCTION__                             0x0800a28e   Data          14  cloud.o(.constdata)
    __FUNCTION__                             0x0800a29c   Data          19  cloud.o(.constdata)
    __FUNCTION__                             0x0800a2af   Data          21  cloud.o(.constdata)
    __FUNCTION__                             0x0800a2c4   Data          10  cloud.o(.constdata)
    __FUNCTION__                             0x0800a2ce   Data          15  cloud.o(.constdata)
    __FUNCTION__                             0x0800a2dd   Data          20  cloud.o(.constdata)
    .constdata                               0x0800a2f1   Section      129  ctype_o.o(.constdata)
    .constdata                               0x0800a374   Section        4  ctype_o.o(.constdata)
    table                                    0x0800a374   Data           4  ctype_o.o(.constdata)
    .conststring                             0x0800a378   Section       41  trace.o(.conststring)
    .conststring                             0x0800a3a4   Section       76  libemqtt.o(.conststring)
    .conststring                             0x0800a3f0   Section     1037  cloud.o(.conststring)
    .data                                    0x20000000   Section        4  stm32f4xx_hal.o(.data)
    .data                                    0x20000004   Section       36  main.o(.data)
    MQTTThreadHandle                         0x20000004   Data           4  main.o(.data)
    TCPRecvHandle                            0x20000008   Data           4  main.o(.data)
    TCPSendHandle                            0x2000000c   Data           4  main.o(.data)
    .data                                    0x20000028   Section        4  tcp_task.o(.data)
    xLastWakeTime                            0x20000028   Data           4  tcp_task.o(.data)
    .data                                    0x2000002c   Section       44  nmealib.o(.data)
    .data                                    0x20000058   Section        4  system_stm32f4xx.o(.data)
    .data                                    0x2000005c   Section       13  uart4.o(.data)
    bufferPoint                              0x20000060   Data           4  uart4.o(.data)
    unReadBytes                              0x20000064   Data           4  uart4.o(.data)
    .data                                    0x2000006c   Section       12  uart6.o(.data)
    bufferPoint                              0x20000070   Data           4  uart6.o(.data)
    unReadBytes                              0x20000074   Data           4  uart6.o(.data)
    .data                                    0x20000078   Section       20  uart5.o(.data)
    bufferPoint                              0x2000007c   Data           4  uart5.o(.data)
    unReadBytes                              0x20000080   Data           4  uart5.o(.data)
    .data                                    0x2000008c   Section       36  trace.o(.data)
    .data                                    0x200000b0   Section       12  port.o(.data)
    uxCriticalNesting                        0x200000b0   Data           4  port.o(.data)
    ucMaxSysCallPriority                     0x200000b4   Data           1  port.o(.data)
    ulMaxPRIGROUPValue                       0x200000b8   Data           4  port.o(.data)
    .data                                    0x200000bc   Section       24  heap_2.o(.data)
    xStart                                   0x200000bc   Data           8  heap_2.o(.data)
    xEnd                                     0x200000c4   Data           8  heap_2.o(.data)
    xFreeBytesRemaining                      0x200000cc   Data           4  heap_2.o(.data)
    xHeapHasBeenInitialised                  0x200000d0   Data           4  heap_2.o(.data)
    .data                                    0x200000d4   Section       60  tasks.o(.data)
    pxDelayedTaskList                        0x200000d8   Data           4  tasks.o(.data)
    pxOverflowDelayedTaskList                0x200000dc   Data           4  tasks.o(.data)
    uxDeletedTasksWaitingCleanUp             0x200000e0   Data           4  tasks.o(.data)
    uxCurrentNumberOfTasks                   0x200000e4   Data           4  tasks.o(.data)
    xTickCount                               0x200000e8   Data           4  tasks.o(.data)
    uxTopReadyPriority                       0x200000ec   Data           4  tasks.o(.data)
    xSchedulerRunning                        0x200000f0   Data           4  tasks.o(.data)
    uxPendedTicks                            0x200000f4   Data           4  tasks.o(.data)
    xYieldPending                            0x200000f8   Data           4  tasks.o(.data)
    xNumOfOverflows                          0x200000fc   Data           4  tasks.o(.data)
    uxTaskNumber                             0x20000100   Data           4  tasks.o(.data)
    xNextTaskUnblockTime                     0x20000104   Data           4  tasks.o(.data)
    xIdleTaskHandle                          0x20000108   Data           4  tasks.o(.data)
    uxSchedulerSuspended                     0x2000010c   Data           4  tasks.o(.data)
    .data                                    0x20000110   Section       20  timers.o(.data)
    pxCurrentTimerList                       0x20000110   Data           4  timers.o(.data)
    pxOverflowTimerList                      0x20000114   Data           4  timers.o(.data)
    xTimerQueue                              0x20000118   Data           4  timers.o(.data)
    xTimerTaskHandle                         0x2000011c   Data           4  timers.o(.data)
    xLastTime                                0x20000120   Data           4  timers.o(.data)
    .data                                    0x20000124   Section        4  cloud.o(.data)
    .data                                    0x20000128   Section       12  aes.o(.data)
    s_box                                    0x20000128   Data           4  aes.o(.data)
    inv_s_box                                0x2000012c   Data           4  aes.o(.data)
    R                                        0x20000130   Data           4  aes.o(.data)
    .data                                    0x20000134   Section        4  stdout.o(.data)
    .data                                    0x20000138   Section        4  stderr.o(.data)
    .data                                    0x2000013c   Section        4  errno.o(.data)
    _errno                                   0x2000013c   Data           4  errno.o(.data)
    .data                                    0x20000140   Section        4  mvars.o(.data)
    .data                                    0x20000144   Section        4  mvars.o(.data)
    .bss                                     0x20000148   Section       60  stm32f4xx_hal_timebase_tim.o(.bss)
    .bss                                     0x20000184   Section      577  uart4.o(.bss)
    aRxBuffer                                0x200001c4   Data         513  uart4.o(.bss)
    .bss                                     0x200003c5   Section     3072  lm61.o(.bss)
    recvBuffer                               0x200003c5   Data        1024  lm61.o(.bss)
    hexCharBuffer                            0x200007c5   Data        1024  lm61.o(.bss)
    cmdBuffer                                0x20000bc5   Data        1024  lm61.o(.bss)
    .bss                                     0x20000fc8   Section     1089  uart6.o(.bss)
    aRxBuffer                                0x20001008   Data        1025  uart6.o(.bss)
    .bss                                     0x2000140c   Section      772  uart5.o(.bss)
    aRxBuffer                                0x2000144c   Data         513  uart5.o(.bss)
    .bss                                     0x20001710   Section    76800  heap_2.o(.bss)
    ucHeap                                   0x20001710   Data       76800  heap_2.o(.bss)
    .bss                                     0x20014310   Section       64  queue.o(.bss)
    .bss                                     0x20014350   Section      720  tasks.o(.bss)
    pxReadyTasksLists                        0x20014350   Data         620  tasks.o(.bss)
    xDelayedTaskList1                        0x200145bc   Data          20  tasks.o(.bss)
    xDelayedTaskList2                        0x200145d0   Data          20  tasks.o(.bss)
    xPendingReadyList                        0x200145e4   Data          20  tasks.o(.bss)
    xTasksWaitingTermination                 0x200145f8   Data          20  tasks.o(.bss)
    xSuspendedTaskList                       0x2001460c   Data          20  tasks.o(.bss)
    .bss                                     0x20014620   Section       40  timers.o(.bss)
    xActiveTimerList1                        0x20014620   Data          20  timers.o(.bss)
    xActiveTimerList2                        0x20014634   Data          20  timers.o(.bss)
    .bss                                     0x20014648   Section      208  cloud.o(.bss)
    HEAP                                     0x20014718   Section     3584  startup_stm32f407xx.o(HEAP)
    STACK                                    0x20015518   Section     1536  startup_stm32f407xx.o(STACK)

    Global Symbols

    Symbol Name                              Value     Ov Type        Size  Object(Section)

    BuildAttributes$$THM_ISAv4$E$P$D$K$B$S$7EM$VFPi3$EXTD16$VFPS$VFMA$PE$A:L22UL41UL21$X:L11$S22US41US21$IEEE1$IW$USESV6$~STKCKD$USESV7$~SHL$OTIME$ROPI$IEEEX$EBA8$MICROLIB$REQ8$PRES8$EABIv2 0x00000000   Number         0  anon$$obj.o ABSOLUTE
    __ARM_use_no_argv                        0x00000000   Number         0  main.o ABSOLUTE
    _printf_a                                0x00000000   Number         0  stubs.o ABSOLUTE
    _printf_c                                0x00000000   Number         0  stubs.o ABSOLUTE
    _printf_charcount                        0x00000000   Number         0  stubs.o ABSOLUTE
    _printf_d                                0x00000000   Number         0  stubs.o ABSOLUTE
    _printf_e                                0x00000000   Number         0  stubs.o ABSOLUTE
    _printf_f                                0x00000000   Number         0  stubs.o ABSOLUTE
    _printf_flags                            0x00000000   Number         0  stubs.o ABSOLUTE
    _printf_fp_dec                           0x00000000   Number         0  stubs.o ABSOLUTE
    _printf_fp_hex                           0x00000000   Number         0  stubs.o ABSOLUTE
    _printf_g                                0x00000000   Number         0  stubs.o ABSOLUTE
    _printf_i                                0x00000000   Number         0  stubs.o ABSOLUTE
    _printf_int_dec                          0x00000000   Number         0  stubs.o ABSOLUTE
    _printf_l                                0x00000000   Number         0  stubs.o ABSOLUTE
    _printf_lc                               0x00000000   Number         0  stubs.o ABSOLUTE
    _printf_ll                               0x00000000   Number         0  stubs.o ABSOLUTE
    _printf_lld                              0x00000000   Number         0  stubs.o ABSOLUTE
    _printf_lli                              0x00000000   Number         0  stubs.o ABSOLUTE
    _printf_llo                              0x00000000   Number         0  stubs.o ABSOLUTE
    _printf_llu                              0x00000000   Number         0  stubs.o ABSOLUTE
    _printf_llx                              0x00000000   Number         0  stubs.o ABSOLUTE
    _printf_longlong_dec                     0x00000000   Number         0  stubs.o ABSOLUTE
    _printf_longlong_hex                     0x00000000   Number         0  stubs.o ABSOLUTE
    _printf_longlong_oct                     0x00000000   Number         0  stubs.o ABSOLUTE
    _printf_ls                               0x00000000   Number         0  stubs.o ABSOLUTE
    _printf_mbtowc                           0x00000000   Number         0  stubs.o ABSOLUTE
    _printf_n                                0x00000000   Number         0  stubs.o ABSOLUTE
    _printf_o                                0x00000000   Number         0  stubs.o ABSOLUTE
    _printf_p                                0x00000000   Number         0  stubs.o ABSOLUTE
    _printf_percent                          0x00000000   Number         0  stubs.o ABSOLUTE
    _printf_pre_padding                      0x00000000   Number         0  stubs.o ABSOLUTE
    _printf_return_value                     0x00000000   Number         0  stubs.o ABSOLUTE
    _printf_s                                0x00000000   Number         0  stubs.o ABSOLUTE
    _printf_sizespec                         0x00000000   Number         0  stubs.o ABSOLUTE
    _printf_str                              0x00000000   Number         0  stubs.o ABSOLUTE
    _printf_truncate_signed                  0x00000000   Number         0  stubs.o ABSOLUTE
    _printf_truncate_unsigned                0x00000000   Number         0  stubs.o ABSOLUTE
    _printf_u                                0x00000000   Number         0  stubs.o ABSOLUTE
    _printf_wc                               0x00000000   Number         0  stubs.o ABSOLUTE
    _printf_wctomb                           0x00000000   Number         0  stubs.o ABSOLUTE
    _printf_widthprec                        0x00000000   Number         0  stubs.o ABSOLUTE
    _printf_x                                0x00000000   Number         0  stubs.o ABSOLUTE
    __cpp_initialize__aeabi_                  - Undefined Weak Reference
    __cxa_finalize                            - Undefined Weak Reference
    _clock_init                               - Undefined Weak Reference
    _microlib_exit                            - Undefined Weak Reference
    _scanf_longlong                           - Undefined Weak Reference
    _scanf_real                               - Undefined Weak Reference
    _scanf_string                             - Undefined Weak Reference
    __Vectors_Size                           0x00000188   Number         0  startup_stm32f407xx.o ABSOLUTE
    __Vectors                                0x08000000   Data           4  startup_stm32f407xx.o(RESET)
    __Vectors_End                            0x08000188   Data           0  startup_stm32f407xx.o(RESET)
    __main                                   0x08000189   Thumb Code     0  entry.o(.ARM.Collect$$$$00000000)
    _main_stk                                0x08000189   Thumb Code     0  entry2.o(.ARM.Collect$$$$00000001)
    _main_scatterload                        0x0800018d   Thumb Code     0  entry5.o(.ARM.Collect$$$$00000004)
    __main_after_scatterload                 0x08000191   Thumb Code     0  entry5.o(.ARM.Collect$$$$00000004)
    _main_clock                              0x08000191   Thumb Code     0  entry7b.o(.ARM.Collect$$$$00000008)
    _main_cpp_init                           0x08000191   Thumb Code     0  entry8b.o(.ARM.Collect$$$$0000000A)
    _main_init                               0x08000191   Thumb Code     0  entry9a.o(.ARM.Collect$$$$0000000B)
    __rt_final_cpp                           0x08000199   Thumb Code     0  entry10a.o(.ARM.Collect$$$$0000000D)
    __rt_final_exit                          0x08000199   Thumb Code     0  entry11a.o(.ARM.Collect$$$$0000000F)
    SVC_Handler                              0x0800019d   Thumb Code    28  port.o(.emb_text)
    __asm___6_port_c_39a90d8d__prvStartFirstTask 0x080001bd   Thumb Code    28  port.o(.emb_text)
    __asm___6_port_c_39a90d8d__prvEnableVFP  0x080001dd   Thumb Code    16  port.o(.emb_text)
    PendSV_Handler                           0x080001f1   Thumb Code    88  port.o(.emb_text)
    vPortGetIPSR                             0x0800024d   Thumb Code     6  port.o(.emb_text)
    Reset_Handler                            0x08000255   Thumb Code     8  startup_stm32f407xx.o(.text)
    ADC_IRQHandler                           0x0800026f   Thumb Code     0  startup_stm32f407xx.o(.text)
    CAN1_RX0_IRQHandler                      0x0800026f   Thumb Code     0  startup_stm32f407xx.o(.text)
    CAN1_RX1_IRQHandler                      0x0800026f   Thumb Code     0  startup_stm32f407xx.o(.text)
    CAN1_SCE_IRQHandler                      0x0800026f   Thumb Code     0  startup_stm32f407xx.o(.text)
    CAN1_TX_IRQHandler                       0x0800026f   Thumb Code     0  startup_stm32f407xx.o(.text)
    CAN2_RX0_IRQHandler                      0x0800026f   Thumb Code     0  startup_stm32f407xx.o(.text)
    CAN2_RX1_IRQHandler                      0x0800026f   Thumb Code     0  startup_stm32f407xx.o(.text)
    CAN2_SCE_IRQHandler                      0x0800026f   Thumb Code     0  startup_stm32f407xx.o(.text)
    CAN2_TX_IRQHandler                       0x0800026f   Thumb Code     0  startup_stm32f407xx.o(.text)
    DCMI_IRQHandler                          0x0800026f   Thumb Code     0  startup_stm32f407xx.o(.text)
    DMA1_Stream0_IRQHandler                  0x0800026f   Thumb Code     0  startup_stm32f407xx.o(.text)
    DMA1_Stream1_IRQHandler                  0x0800026f   Thumb Code     0  startup_stm32f407xx.o(.text)
    DMA1_Stream2_IRQHandler                  0x0800026f   Thumb Code     0  startup_stm32f407xx.o(.text)
    DMA1_Stream3_IRQHandler                  0x0800026f   Thumb Code     0  startup_stm32f407xx.o(.text)
    DMA1_Stream4_IRQHandler                  0x0800026f   Thumb Code     0  startup_stm32f407xx.o(.text)
    DMA1_Stream5_IRQHandler                  0x0800026f   Thumb Code     0  startup_stm32f407xx.o(.text)
    DMA1_Stream6_IRQHandler                  0x0800026f   Thumb Code     0  startup_stm32f407xx.o(.text)
    DMA1_Stream7_IRQHandler                  0x0800026f   Thumb Code     0  startup_stm32f407xx.o(.text)
    DMA2_Stream0_IRQHandler                  0x0800026f   Thumb Code     0  startup_stm32f407xx.o(.text)
    DMA2_Stream1_IRQHandler                  0x0800026f   Thumb Code     0  startup_stm32f407xx.o(.text)
    DMA2_Stream2_IRQHandler                  0x0800026f   Thumb Code     0  startup_stm32f407xx.o(.text)
    DMA2_Stream3_IRQHandler                  0x0800026f   Thumb Code     0  startup_stm32f407xx.o(.text)
    DMA2_Stream4_IRQHandler                  0x0800026f   Thumb Code     0  startup_stm32f407xx.o(.text)
    DMA2_Stream5_IRQHandler                  0x0800026f   Thumb Code     0  startup_stm32f407xx.o(.text)
    DMA2_Stream6_IRQHandler                  0x0800026f   Thumb Code     0  startup_stm32f407xx.o(.text)
    DMA2_Stream7_IRQHandler                  0x0800026f   Thumb Code     0  startup_stm32f407xx.o(.text)
    ETH_IRQHandler                           0x0800026f   Thumb Code     0  startup_stm32f407xx.o(.text)
    ETH_WKUP_IRQHandler                      0x0800026f   Thumb Code     0  startup_stm32f407xx.o(.text)
    EXTI0_IRQHandler                         0x0800026f   Thumb Code     0  startup_stm32f407xx.o(.text)
    EXTI15_10_IRQHandler                     0x0800026f   Thumb Code     0  startup_stm32f407xx.o(.text)
    EXTI1_IRQHandler                         0x0800026f   Thumb Code     0  startup_stm32f407xx.o(.text)
    EXTI2_IRQHandler                         0x0800026f   Thumb Code     0  startup_stm32f407xx.o(.text)
    EXTI3_IRQHandler                         0x0800026f   Thumb Code     0  startup_stm32f407xx.o(.text)
    EXTI4_IRQHandler                         0x0800026f   Thumb Code     0  startup_stm32f407xx.o(.text)
    EXTI9_5_IRQHandler                       0x0800026f   Thumb Code     0  startup_stm32f407xx.o(.text)
    FLASH_IRQHandler                         0x0800026f   Thumb Code     0  startup_stm32f407xx.o(.text)
    FMC_IRQHandler                           0x0800026f   Thumb Code     0  startup_stm32f407xx.o(.text)
    FPU_IRQHandler                           0x0800026f   Thumb Code     0  startup_stm32f407xx.o(.text)
    HASH_RNG_IRQHandler                      0x0800026f   Thumb Code     0  startup_stm32f407xx.o(.text)
    I2C1_ER_IRQHandler                       0x0800026f   Thumb Code     0  startup_stm32f407xx.o(.text)
    I2C1_EV_IRQHandler                       0x0800026f   Thumb Code     0  startup_stm32f407xx.o(.text)
    I2C2_ER_IRQHandler                       0x0800026f   Thumb Code     0  startup_stm32f407xx.o(.text)
    I2C2_EV_IRQHandler                       0x0800026f   Thumb Code     0  startup_stm32f407xx.o(.text)
    I2C3_ER_IRQHandler                       0x0800026f   Thumb Code     0  startup_stm32f407xx.o(.text)
    I2C3_EV_IRQHandler                       0x0800026f   Thumb Code     0  startup_stm32f407xx.o(.text)
    OTG_FS_IRQHandler                        0x0800026f   Thumb Code     0  startup_stm32f407xx.o(.text)
    OTG_FS_WKUP_IRQHandler                   0x0800026f   Thumb Code     0  startup_stm32f407xx.o(.text)
    OTG_HS_EP1_IN_IRQHandler                 0x0800026f   Thumb Code     0  startup_stm32f407xx.o(.text)
    OTG_HS_EP1_OUT_IRQHandler                0x0800026f   Thumb Code     0  startup_stm32f407xx.o(.text)
    OTG_HS_IRQHandler                        0x0800026f   Thumb Code     0  startup_stm32f407xx.o(.text)
    OTG_HS_WKUP_IRQHandler                   0x0800026f   Thumb Code     0  startup_stm32f407xx.o(.text)
    PVD_IRQHandler                           0x0800026f   Thumb Code     0  startup_stm32f407xx.o(.text)
    RCC_IRQHandler                           0x0800026f   Thumb Code     0  startup_stm32f407xx.o(.text)
    RTC_Alarm_IRQHandler                     0x0800026f   Thumb Code     0  startup_stm32f407xx.o(.text)
    RTC_WKUP_IRQHandler                      0x0800026f   Thumb Code     0  startup_stm32f407xx.o(.text)
    SDIO_IRQHandler                          0x0800026f   Thumb Code     0  startup_stm32f407xx.o(.text)
    SPI1_IRQHandler                          0x0800026f   Thumb Code     0  startup_stm32f407xx.o(.text)
    SPI2_IRQHandler                          0x0800026f   Thumb Code     0  startup_stm32f407xx.o(.text)
    SPI3_IRQHandler                          0x0800026f   Thumb Code     0  startup_stm32f407xx.o(.text)
    TAMP_STAMP_IRQHandler                    0x0800026f   Thumb Code     0  startup_stm32f407xx.o(.text)
    TIM1_BRK_TIM9_IRQHandler                 0x0800026f   Thumb Code     0  startup_stm32f407xx.o(.text)
    TIM1_CC_IRQHandler                       0x0800026f   Thumb Code     0  startup_stm32f407xx.o(.text)
    TIM1_TRG_COM_TIM11_IRQHandler            0x0800026f   Thumb Code     0  startup_stm32f407xx.o(.text)
    TIM1_UP_TIM10_IRQHandler                 0x0800026f   Thumb Code     0  startup_stm32f407xx.o(.text)
    TIM2_IRQHandler                          0x0800026f   Thumb Code     0  startup_stm32f407xx.o(.text)
    TIM3_IRQHandler                          0x0800026f   Thumb Code     0  startup_stm32f407xx.o(.text)
    TIM4_IRQHandler                          0x0800026f   Thumb Code     0  startup_stm32f407xx.o(.text)
    TIM5_IRQHandler                          0x0800026f   Thumb Code     0  startup_stm32f407xx.o(.text)
    TIM7_IRQHandler                          0x0800026f   Thumb Code     0  startup_stm32f407xx.o(.text)
    TIM8_BRK_TIM12_IRQHandler                0x0800026f   Thumb Code     0  startup_stm32f407xx.o(.text)
    TIM8_CC_IRQHandler                       0x0800026f   Thumb Code     0  startup_stm32f407xx.o(.text)
    TIM8_TRG_COM_TIM14_IRQHandler            0x0800026f   Thumb Code     0  startup_stm32f407xx.o(.text)
    TIM8_UP_TIM13_IRQHandler                 0x0800026f   Thumb Code     0  startup_stm32f407xx.o(.text)
    USART1_IRQHandler                        0x0800026f   Thumb Code     0  startup_stm32f407xx.o(.text)
    USART2_IRQHandler                        0x0800026f   Thumb Code     0  startup_stm32f407xx.o(.text)
    USART3_IRQHandler                        0x0800026f   Thumb Code     0  startup_stm32f407xx.o(.text)
    WWDG_IRQHandler                          0x0800026f   Thumb Code     0  startup_stm32f407xx.o(.text)
    toupper                                  0x08000279   Thumb Code    12  toupper.o(.text)
    __aeabi_memcpy                           0x08000285   Thumb Code    36  memcpya.o(.text)
    __aeabi_memcpy4                          0x08000285   Thumb Code     0  memcpya.o(.text)
    __aeabi_memcpy8                          0x08000285   Thumb Code     0  memcpya.o(.text)
    __aeabi_memset                           0x080002a9   Thumb Code    14  memseta.o(.text)
    __aeabi_memset4                          0x080002a9   Thumb Code     0  memseta.o(.text)
    __aeabi_memset8                          0x080002a9   Thumb Code     0  memseta.o(.text)
    __aeabi_memclr                           0x080002b7   Thumb Code     4  memseta.o(.text)
    __aeabi_memclr4                          0x080002b7   Thumb Code     0  memseta.o(.text)
    __aeabi_memclr8                          0x080002b7   Thumb Code     0  memseta.o(.text)
    _memset$wrapper                          0x080002bb   Thumb Code    18  memseta.o(.text)
    strstr                                   0x080002cd   Thumb Code    36  strstr.o(.text)
    strncpy                                  0x080002f1   Thumb Code    24  strncpy.o(.text)
    strchr                                   0x08000309   Thumb Code    20  strchr.o(.text)
    strlen                                   0x0800031d   Thumb Code    14  strlen.o(.text)
    strcmp                                   0x0800032b   Thumb Code    28  strcmp.o(.text)
    memcmp                                   0x08000347   Thumb Code    26  memcmp.o(.text)
    strcpy                                   0x08000361   Thumb Code    18  strcpy.o(.text)
    strncmp                                  0x08000373   Thumb Code    30  strncmp.o(.text)
    strtol                                   0x08000391   Thumb Code   112  strtol.o(.text)
    atoi                                     0x08000401   Thumb Code    26  atoi.o(.text)
    __aeabi_uldivmod                         0x0800041b   Thumb Code    98  uldiv.o(.text)
    __aeabi_llsr                             0x0800047d   Thumb Code    32  llushr.o(.text)
    _ll_ushift_r                             0x0800047d   Thumb Code     0  llushr.o(.text)
    __rt_ctype_table                         0x0800049d   Thumb Code     4  ctype_o.o(.text)
    _chval                                   0x080004a5   Thumb Code    28  _chval.o(.text)
    _strtoul                                 0x080004c1   Thumb Code   158  _strtoul.o(.text)
    __scatterload                            0x08000561   Thumb Code    28  init.o(.text)
    __scatterload_rt2                        0x08000561   Thumb Code     0  init.o(.text)
    __aeabi_llsl                             0x08000585   Thumb Code    30  llshl.o(.text)
    _ll_shift_l                              0x08000585   Thumb Code     0  llshl.o(.text)
    __decompress                             0x080005a3   Thumb Code     0  __dczerorl2.o(.text)
    __decompress1                            0x080005a3   Thumb Code    86  __dczerorl2.o(.text)
    BusFault_Handler                         0x080005f9   Thumb Code     4  stm32f4xx_it.o(i.BusFault_Handler)
    DebugMon_Handler                         0x080005fd   Thumb Code     2  stm32f4xx_it.o(i.DebugMon_Handler)
    Gizwits_init                             0x08000601   Thumb Code   152  cloud.o(i.Gizwits_init)
    HAL_DMA_Abort_IT                         0x0800074d   Thumb Code    40  stm32f4xx_hal_dma.o(i.HAL_DMA_Abort_IT)
    HAL_Delay                                0x08000775   Thumb Code    30  stm32f4xx_hal.o(i.HAL_Delay)
    HAL_GPIO_Init                            0x08000795   Thumb Code   466  stm32f4xx_hal_gpio.o(i.HAL_GPIO_Init)
    HAL_GetREVID                             0x08000995   Thumb Code     8  stm32f4xx_hal.o(i.HAL_GetREVID)
    HAL_GetTick                              0x080009a1   Thumb Code     6  stm32f4xx_hal.o(i.HAL_GetTick)
    HAL_IncTick                              0x080009ad   Thumb Code    12  stm32f4xx_hal.o(i.HAL_IncTick)
    HAL_Init                                 0x080009bd   Thumb Code    44  stm32f4xx_hal.o(i.HAL_Init)
    HAL_InitTick                             0x080009ed   Thumb Code   134  stm32f4xx_hal_timebase_tim.o(i.HAL_InitTick)
    HAL_MspInit                              0x08000a85   Thumb Code     2  stm32f4xx_hal.o(i.HAL_MspInit)
    HAL_NVIC_EnableIRQ                       0x08000a87   Thumb Code    26  stm32f4xx_hal_cortex.o(i.HAL_NVIC_EnableIRQ)
    HAL_NVIC_SetPriority                     0x08000aa1   Thumb Code   124  stm32f4xx_hal_cortex.o(i.HAL_NVIC_SetPriority)
    HAL_NVIC_SetPriorityGrouping             0x08000b1d   Thumb Code    32  stm32f4xx_hal_cortex.o(i.HAL_NVIC_SetPriorityGrouping)
    HAL_RCC_ClockConfig                      0x08000b45   Thumb Code   446  stm32f4xx_hal_rcc.o(i.HAL_RCC_ClockConfig)
    HAL_RCC_GetClockConfig                   0x08000d15   Thumb Code    58  stm32f4xx_hal_rcc.o(i.HAL_RCC_GetClockConfig)
    HAL_RCC_GetHCLKFreq                      0x08000d59   Thumb Code     6  stm32f4xx_hal_rcc.o(i.HAL_RCC_GetHCLKFreq)
    HAL_RCC_GetPCLK1Freq                     0x08000d65   Thumb Code    36  stm32f4xx_hal_rcc.o(i.HAL_RCC_GetPCLK1Freq)
    HAL_RCC_GetPCLK2Freq                     0x08000d91   Thumb Code    36  stm32f4xx_hal_rcc.o(i.HAL_RCC_GetPCLK2Freq)
    HAL_RCC_GetSysClockFreq                  0x08000dbd   Thumb Code   168  stm32f4xx_hal_rcc.o(i.HAL_RCC_GetSysClockFreq)
    HAL_RCC_OscConfig                        0x08000e71   Thumb Code  1090  stm32f4xx_hal_rcc.o(i.HAL_RCC_OscConfig)
    HAL_TIMEx_BreakCallback                  0x080012bd   Thumb Code     2  stm32f4xx_hal_tim_ex.o(i.HAL_TIMEx_BreakCallback)
    HAL_TIMEx_CommutationCallback            0x080012bf   Thumb Code     2  stm32f4xx_hal_tim_ex.o(i.HAL_TIMEx_CommutationCallback)
    HAL_TIM_Base_Init                        0x080012c1   Thumb Code    52  stm32f4xx_hal_tim.o(i.HAL_TIM_Base_Init)
    HAL_TIM_Base_MspInit                     0x080012f5   Thumb Code     2  stm32f4xx_hal_tim.o(i.HAL_TIM_Base_MspInit)
    HAL_TIM_Base_Start_IT                    0x080012f7   Thumb Code    30  stm32f4xx_hal_tim.o(i.HAL_TIM_Base_Start_IT)
    HAL_TIM_IC_CaptureCallback               0x08001315   Thumb Code     2  stm32f4xx_hal_tim.o(i.HAL_TIM_IC_CaptureCallback)
    HAL_TIM_IRQHandler                       0x08001317   Thumb Code   406  stm32f4xx_hal_tim.o(i.HAL_TIM_IRQHandler)
    HAL_TIM_OC_DelayElapsedCallback          0x080014ad   Thumb Code     2  stm32f4xx_hal_tim.o(i.HAL_TIM_OC_DelayElapsedCallback)
    HAL_TIM_PWM_PulseFinishedCallback        0x080014af   Thumb Code     2  stm32f4xx_hal_tim.o(i.HAL_TIM_PWM_PulseFinishedCallback)
    HAL_TIM_PeriodElapsedCallback            0x080014b1   Thumb Code    10  stm32f4xx_hal_timebase_tim.o(i.HAL_TIM_PeriodElapsedCallback)
    HAL_TIM_TriggerCallback                  0x080014bb   Thumb Code     2  stm32f4xx_hal_tim.o(i.HAL_TIM_TriggerCallback)
    HAL_UART4_RxCpltCallback                 0x080014bd   Thumb Code    98  uart4.o(i.HAL_UART4_RxCpltCallback)
    HAL_UART4_TxCpltCallback                 0x08001535   Thumb Code     8  uart4.o(i.HAL_UART4_TxCpltCallback)
    HAL_UART5_RxCpltCallback                 0x08001541   Thumb Code   338  uart5.o(i.HAL_UART5_RxCpltCallback)
    HAL_UART5_TxCpltCallback                 0x080016bd   Thumb Code     8  uart5.o(i.HAL_UART5_TxCpltCallback)
    HAL_UART6_RxCpltCallback                 0x080016c9   Thumb Code    92  uart6.o(i.HAL_UART6_RxCpltCallback)
    HAL_UART6_TxCpltCallback                 0x08001735   Thumb Code     8  uart6.o(i.HAL_UART6_TxCpltCallback)
    HAL_UART_ErrorCallback                   0x08001741   Thumb Code     2  stm32f4xx_hal_uart.o(i.HAL_UART_ErrorCallback)
    HAL_UART_IRQHandler                      0x08001745   Thumb Code   326  stm32f4xx_hal_uart.o(i.HAL_UART_IRQHandler)
    HAL_UART_Init                            0x08001891   Thumb Code   114  stm32f4xx_hal_uart.o(i.HAL_UART_Init)
    HAL_UART_MspInit                         0x08001905   Thumb Code    50  stm32f4xx_hal_msp.o(i.HAL_UART_MspInit)
    HAL_UART_Receive_IT                      0x0800193d   Thumb Code   100  stm32f4xx_hal_uart.o(i.HAL_UART_Receive_IT)
    HAL_UART_RxCpltCallback                  0x080019a1   Thumb Code    56  main.o(i.HAL_UART_RxCpltCallback)
    HAL_UART_Transmit_IT                     0x080019dd   Thumb Code    88  stm32f4xx_hal_uart.o(i.HAL_UART_Transmit_IT)
    HAL_UART_TxCpltCallback                  0x08001a35   Thumb Code    56  main.o(i.HAL_UART_TxCpltCallback)
    HardFault_Handler                        0x08001a71   Thumb Code     4  stm32f4xx_it.o(i.HardFault_Handler)
    HexToStr                                 0x08001a75   Thumb Code    96  tool.o(i.HexToStr)
    LM61_close_transparent_mode              0x08001ad5   Thumb Code    44  lm61.o(i.LM61_close_transparent_mode)
    LM61_sendAT                              0x08001b35   Thumb Code   176  lm61.o(i.LM61_sendAT)
    LM61_sendAT_with_times                   0x08001c91   Thumb Code   220  lm61.o(i.LM61_sendAT_with_times)
    LM61_start_transparent_mode              0x08001e11   Thumb Code   248  lm61.o(i.LM61_start_transparent_mode)
    LM61_transparent_Read                    0x08001ff5   Thumb Code    72  lm61.o(i.LM61_transparent_Read)
    LM61_transparent_Write                   0x08002091   Thumb Code    24  lm61.o(i.LM61_transparent_Write)
    LM61_transparent_mode_sendData           0x080020a9   Thumb Code    60  lm61.o(i.LM61_transparent_mode_sendData)
    MemManage_Handler                        0x08002135   Thumb Code     4  stm32f4xx_it.o(i.MemManage_Handler)
    NMI_Handler                              0x08002139   Thumb Code     2  stm32f4xx_it.o(i.NMI_Handler)
    Rcc_Config                               0x08002175   Thumb Code   168  rcc.o(i.Rcc_Config)
    Rcon                                     0x08002229   Thumb Code    58  aes.o(i.Rcon)
    StrToHex_noSpace                         0x08002269   Thumb Code    80  tool.o(i.StrToHex_noSpace)
    SysTick_Handler                          0x080022b9   Thumb Code     8  stm32f4xx_it.o(i.SysTick_Handler)
    SystemInit                               0x080022c1   Thumb Code    82  system_stm32f4xx.o(i.SystemInit)
    TCP_set_client_state                     0x08002325   Thumb Code     4  tcpclient.o(i.TCP_set_client_state)
    TIM6_DAC_IRQHandler                      0x08002329   Thumb Code    10  stm32f4xx_hal_timebase_tim.o(i.TIM6_DAC_IRQHandler)
    TIM_Base_SetConfig                       0x08002339   Thumb Code   184  stm32f4xx_hal_tim.o(i.TIM_Base_SetConfig)
    UART4_IRQHandler                         0x0800241d   Thumb Code    10  uart4.o(i.UART4_IRQHandler)
    UART4_StartRecv                          0x0800242d   Thumb Code    20  uart4.o(i.UART4_StartRecv)
    UART5_IRQHandler                         0x0800244d   Thumb Code    10  uart5.o(i.UART5_IRQHandler)
    UART5_StartRecv                          0x0800245d   Thumb Code    14  uart5.o(i.UART5_StartRecv)
    UART6_StartRecv                          0x08002475   Thumb Code    14  uart6.o(i.UART6_StartRecv)
    USART6_IRQHandler                        0x0800294d   Thumb Code    10  uart6.o(i.USART6_IRQHandler)
    Uart4_MspInit                            0x0800295d   Thumb Code   168  uart4.o(i.Uart4_MspInit)
    Uart4_config                             0x08002a0d   Thumb Code    80  uart4.o(i.Uart4_config)
    Uart5_MspInit                            0x08002ab5   Thumb Code   166  uart5.o(i.Uart5_MspInit)
    Uart5_config                             0x08002b69   Thumb Code    80  uart5.o(i.Uart5_config)
    Uart6_MspInit                            0x08002c11   Thumb Code   168  uart6.o(i.Uart6_MspInit)
    Uart6_RcvMsg                             0x08002cc5   Thumb Code    98  uart6.o(i.Uart6_RcvMsg)
    Uart6_SendMsg                            0x08002d39   Thumb Code    68  uart6.o(i.Uart6_SendMsg)
    Uart6_config                             0x08002dc9   Thumb Code    80  uart6.o(i.Uart6_config)
    UsageFault_Handler                       0x08002e71   Thumb Code     4  stm32f4xx_it.o(i.UsageFault_Handler)
    __0fprintf$8                             0x08002e75   Thumb Code    22  printf8.o(i.__0fprintf$8)
    __1fprintf$8                             0x08002e75   Thumb Code     0  printf8.o(i.__0fprintf$8)
    __2fprintf                               0x08002e75   Thumb Code     0  printf8.o(i.__0fprintf$8)
    __0printf$8                              0x08002e91   Thumb Code    22  printf8.o(i.__0printf$8)
    __1printf$8                              0x08002e91   Thumb Code     0  printf8.o(i.__0printf$8)
    __2printf                                0x08002e91   Thumb Code     0  printf8.o(i.__0printf$8)
    __0snprintf$8                            0x08002eb1   Thumb Code    36  printf8.o(i.__0snprintf$8)
    __1snprintf$8                            0x08002eb1   Thumb Code     0  printf8.o(i.__0snprintf$8)
    __2snprintf                              0x08002eb1   Thumb Code     0  printf8.o(i.__0snprintf$8)
    __0sprintf$8                             0x08002ed9   Thumb Code    34  printf8.o(i.__0sprintf$8)
    __1sprintf$8                             0x08002ed9   Thumb Code     0  printf8.o(i.__0sprintf$8)
    __2sprintf                               0x08002ed9   Thumb Code     0  printf8.o(i.__0sprintf$8)
    __aeabi_errno_addr                       0x08002f01   Thumb Code     4  errno.o(i.__aeabi_errno_addr)
    __rt_errno_addr                          0x08002f01   Thumb Code     0  errno.o(i.__aeabi_errno_addr)
    free                                     0x08002f09   Thumb Code    88  mallocr.o(i.__free$realloc)
    malloc                                   0x08002f65   Thumb Code    64  mallocr.o(i.__malloc$realloc)
    __scatterload_copy                       0x08002fb5   Thumb Code    14  handlers.o(i.__scatterload_copy)
    __scatterload_null                       0x08002fc3   Thumb Code     2  handlers.o(i.__scatterload_null)
    __scatterload_zeroinit                   0x08002fc5   Thumb Code    14  handlers.o(i.__scatterload_zeroinit)
    add_round_key                            0x08003457   Thumb Code   108  aes.o(i.add_round_key)
    aesDestroy                               0x080034c5   Thumb Code    44  aes.o(i.aesDestroy)
    aesECB128Decrypt                         0x080034f9   Thumb Code   158  aes.o(i.aesECB128Decrypt)
    aesECB128Encrypt                         0x08003599   Thumb Code   238  aes.o(i.aesECB128Encrypt)
    aesInit                                  0x0800372d   Thumb Code    44  aes.o(i.aesInit)
    attr_GGA_handler_AMSL                    0x0800375d   Thumb Code   118  nmealib.o(i.attr_GGA_handler_AMSL)
    attr_GGA_handler_HDOP                    0x080037d3   Thumb Code   142  nmealib.o(i.attr_GGA_handler_HDOP)
    attr_GGA_handler_NSEW                    0x08003861   Thumb Code   108  nmealib.o(i.attr_GGA_handler_NSEW)
    attr_GGA_handler_header                  0x080038cd   Thumb Code    94  nmealib.o(i.attr_GGA_handler_header)
    attr_GGA_handler_loc                     0x0800393d   Thumb Code   664  nmealib.o(i.attr_GGA_handler_loc)
    attr_GGA_handler_none                    0x08003bd5   Thumb Code     8  nmealib.o(i.attr_GGA_handler_none)
    attr_GGA_handler_time                    0x08003bdd   Thumb Code   142  nmealib.o(i.attr_GGA_handler_time)
    checkCPUendian                           0x08003c6d   Thumb Code    22  cloud.o(i.checkCPUendian)
    check_ota                                0x08003c89   Thumb Code   476  cloud.o(i.check_ota)
    check_time_task                          0x08004009   Thumb Code    70  tcp_task.o(i.check_time_task)
    cipher                                   0x08004091   Thumb Code   172  aes.o(i.cipher)
    cloud_do_mqtt                            0x0800413d   Thumb Code   474  cloud.o(i.cloud_do_mqtt)
    cloud_do_one_packet                      0x08004491   Thumb Code   232  cloud.o(i.cloud_do_one_packet)
    cloud_init                               0x08004681   Thumb Code   370  cloud.o(i.cloud_init)
    cloud_mqtt_connect                       0x080048ad   Thumb Code   952  cloud.o(i.cloud_mqtt_connect)
    cloud_mqtt_ping                          0x08004fcd   Thumb Code    50  cloud.o(i.cloud_mqtt_ping)
    cloud_provision_safe                     0x08005025   Thumb Code  1452  cloud.o(i.cloud_provision_safe)
    cloud_push_ota                           0x080055f5   Thumb Code   180  cloud.o(i.cloud_push_ota)
    cloud_register_safe                      0x08005745   Thumb Code   852  cloud.o(i.cloud_register_safe)
    cloud_trans_data                         0x08005c59   Thumb Code   194  cloud.o(i.cloud_trans_data)
    coef_add                                 0x08005d95   Thumb Code    36  aes.o(i.coef_add)
    coef_mult                                0x08005db9   Thumb Code   178  aes.o(i.coef_mult)
    delay                                    0x08005e6b   Thumb Code    28  tcpclient.o(i.delay)
    device_check_and_init                    0x08005e89   Thumb Code   296  main.o(i.device_check_and_init)
    fputc                                    0x08006125   Thumb Code    44  trace.o(i.fputc)
    get_one_cloud_packet                     0x08006159   Thumb Code   630  cloud.o(i.get_one_cloud_packet)
    gmult                                    0x080064d9   Thumb Code    48  aes.o(i.gmult)
    invSboxAssign                            0x08006559   Thumb Code  2062  aesdata.o(i.invSboxAssign)
    invSboxInit                              0x08006d69   Thumb Code    40  aes.o(i.invSboxInit)
    inv_cipher                               0x08006d95   Thumb Code   172  aes.o(i.inv_cipher)
    inv_mix_columns                          0x08006e41   Thumb Code    82  aes.o(i.inv_mix_columns)
    inv_shift_rows                           0x08006e99   Thumb Code    70  aes.o(i.inv_shift_rows)
    inv_sub_bytes                            0x08006ee1   Thumb Code    72  aes.o(i.inv_sub_bytes)
    iot_platform_free                        0x08006f2d   Thumb Code    12  iot_platform.o(i.iot_platform_free)
    key_expansion                            0x08006f39   Thumb Code   264  aes.o(i.key_expansion)
    main                                     0x08007041   Thumb Code    74  main.o(i.main)
    mix_columns                              0x080070c9   Thumb Code    82  aes.o(i.mix_columns)
    mqtt_connect                             0x08007121   Thumb Code   690  libemqtt.o(i.mqtt_connect)
    mqtt_init                                0x08007455   Thumb Code    84  libemqtt.o(i.mqtt_init)
    mqtt_init_auth                           0x080074b1   Thumb Code    46  libemqtt.o(i.mqtt_init_auth)
    mqtt_num_rem_len_bytes                   0x080074df   Thumb Code    48  libemqtt.o(i.mqtt_num_rem_len_bytes)
    mqtt_parse_msg_id                        0x0800750f   Thumb Code   114  libemqtt.o(i.mqtt_parse_msg_id)
    mqtt_parse_rem_len                       0x08007581   Thumb Code    44  libemqtt.o(i.mqtt_parse_rem_len)
    mqtt_ping                                0x080075ad   Thumb Code    34  libemqtt.o(i.mqtt_ping)
    mqtt_set_alive                           0x080075d5   Thumb Code     6  libemqtt.o(i.mqtt_set_alive)
    mqtt_subscribe                           0x080075dd   Thumb Code   208  libemqtt.o(i.mqtt_subscribe)
    nmea_parse_GGA                           0x080076b1   Thumb Code   116  nmealib.o(i.nmea_parse_GGA)
    ntohs                                    0x08007725   Thumb Code    24  cloud.o(i.ntohs)
    osKernelStart                            0x0800773d   Thumb Code    10  cmsis_os.o(i.osKernelStart)
    osSystickHandler                         0x08007747   Thumb Code     8  cmsis_os.o(i.osSystickHandler)
    parse_attr_GGA                           0x08007751   Thumb Code    40  nmealib.o(i.parse_attr_GGA)
    pvPortMalloc                             0x08008075   Thumb Code   174  heap_2.o(i.pvPortMalloc)
    pvTaskIncrementMutexHeldCount            0x08008139   Thumb Code    26  tasks.o(i.pvTaskIncrementMutexHeldCount)
    pxPortInitialiseStack                    0x08008159   Thumb Code    38  port.o(i.pxPortInitialiseStack)
    readn                                    0x08008185   Thumb Code    68  tool.o(i.readn)
    rot_word                                 0x080081c9   Thumb Code    24  aes.o(i.rot_word)
    sboxAssign                               0x080081e1   Thumb Code  2062  aesdata.o(i.sboxAssign)
    send_packet                              0x080089ef   Thumb Code    26  cloud.o(i.send_packet)
    set_sock_time                            0x08008a09   Thumb Code     6  tool.o(i.set_sock_time)
    shift_rows                               0x08008a0f   Thumb Code    70  aes.o(i.shift_rows)
    sock_connect_by_domain                   0x08008a55   Thumb Code    52  tool.o(i.sock_connect_by_domain)
    sock_disconnect                          0x08008ab1   Thumb Code    20  tool.o(i.sock_disconnect)
    start_task                               0x08008ac5   Thumb Code    66  main.o(i.start_task)
    sub_bytes                                0x08008b3d   Thumb Code    72  aes.o(i.sub_bytes)
    sub_word                                 0x08008b89   Thumb Code    42  aes.o(i.sub_word)
    tcp_recv_task                            0x08008bb9   Thumb Code    46  tcp_task.o(i.tcp_recv_task)
    tcp_send_task                            0x08008c11   Thumb Code    66  tcp_task.o(i.tcp_send_task)
    uxListRemove                             0x08008c81   Thumb Code    40  list.o(i.uxListRemove)
    vApplicationMallocFailedHook             0x08008ca9   Thumb Code    42  main.o(i.vApplicationMallocFailedHook)
    vApplicationStackOverflowHook            0x08008d1d   Thumb Code    42  main.o(i.vApplicationStackOverflowHook)
    vListInitialise                          0x08008d91   Thumb Code    26  list.o(i.vListInitialise)
    vListInitialiseItem                      0x08008dab   Thumb Code     6  list.o(i.vListInitialiseItem)
    vListInsert                              0x08008db1   Thumb Code    52  list.o(i.vListInsert)
    vListInsertEnd                           0x08008de5   Thumb Code    24  list.o(i.vListInsertEnd)
    vPortEnterCritical                       0x08008dfd   Thumb Code    76  port.o(i.vPortEnterCritical)
    vPortExitCritical                        0x08008e51   Thumb Code    56  port.o(i.vPortExitCritical)
    vPortFree                                0x08008e8d   Thumb Code    56  heap_2.o(i.vPortFree)
    vPortSetupTimerInterrupt                 0x08008ecd   Thumb Code    26  port.o(i.vPortSetupTimerInterrupt)
    vPortValidateInterruptPriority           0x08008eed   Thumb Code   106  port.o(i.vPortValidateInterruptPriority)
    vQueueAddToRegistry                      0x08008f65   Thumb Code    38  queue.o(i.vQueueAddToRegistry)
    vQueueWaitForMessageRestricted           0x08008f91   Thumb Code    74  queue.o(i.vQueueWaitForMessageRestricted)
    vTaskDelay                               0x08008fdd   Thumb Code    82  tasks.o(i.vTaskDelay)
    vTaskDelete                              0x08009039   Thumb Code   202  tasks.o(i.vTaskDelete)
    vTaskMissedYield                         0x0800912d   Thumb Code     8  tasks.o(i.vTaskMissedYield)
    vTaskPlaceOnEventList                    0x08009139   Thumb Code    52  tasks.o(i.vTaskPlaceOnEventList)
    vTaskPlaceOnEventListRestricted          0x08009171   Thumb Code    60  tasks.o(i.vTaskPlaceOnEventListRestricted)
    vTaskPriorityInherit                     0x080091b1   Thumb Code   164  tasks.o(i.vTaskPriorityInherit)
    vTaskSetTimeOutState                     0x08009261   Thumb Code    38  tasks.o(i.vTaskSetTimeOutState)
    vTaskStartScheduler                      0x08009291   Thumb Code   118  tasks.o(i.vTaskStartScheduler)
    vTaskSuspendAll                          0x08009325   Thumb Code    12  tasks.o(i.vTaskSuspendAll)
    vTaskSwitchContext                       0x08009335   Thumb Code   174  tasks.o(i.vTaskSwitchContext)
    write_config                             0x080093f9   Thumb Code     6  tool.o(i.write_config)
    writen                                   0x080093ff   Thumb Code    24  tool.o(i.writen)
    xPortStartScheduler                      0x08009419   Thumb Code   288  port.o(i.xPortStartScheduler)
    xPortSysTickHandler                      0x08009555   Thumb Code    46  port.o(i.xPortSysTickHandler)
    xQueueGenericCreate                      0x08009589   Thumb Code    88  queue.o(i.xQueueGenericCreate)
    xQueueGenericReceive                     0x080095e1   Thumb Code   446  queue.o(i.xQueueGenericReceive)
    xQueueGenericReset                       0x080097a5   Thumb Code   146  queue.o(i.xQueueGenericReset)
    xQueueGenericSend                        0x0800983d   Thumb Code   420  queue.o(i.xQueueGenericSend)
    xQueueGenericSendFromISR                 0x080099e5   Thumb Code   248  queue.o(i.xQueueGenericSendFromISR)
    xTaskCheckForTimeOut                     0x08009add   Thumb Code   132  tasks.o(i.xTaskCheckForTimeOut)
    xTaskCreate                              0x08009b69   Thumb Code    96  tasks.o(i.xTaskCreate)
    xTaskGetSchedulerState                   0x08009bc9   Thumb Code    24  tasks.o(i.xTaskGetSchedulerState)
    xTaskGetTickCount                        0x08009be9   Thumb Code     6  tasks.o(i.xTaskGetTickCount)
    xTaskIncrementTick                       0x08009bf5   Thumb Code   282  tasks.o(i.xTaskIncrementTick)
    xTaskPriorityDisinherit                  0x08009d3d   Thumb Code   188  tasks.o(i.xTaskPriorityDisinherit)
    xTaskRemoveFromEventList                 0x08009e05   Thumb Code   128  tasks.o(i.xTaskRemoveFromEventList)
    xTaskResumeAll                           0x08009e9d   Thumb Code   224  tasks.o(i.xTaskResumeAll)
    xTimerCreateTimerTask                    0x08009fa1   Thumb Code    66  timers.o(i.xTimerCreateTimerTask)
    xTimerGenericCommand                     0x08009ff9   Thumb Code   126  timers.o(i.xTimerGenericCommand)
    AHBPrescTable                            0x0800a0cd   Data          16  system_stm32f4xx.o(.constdata)
    APBPrescTable                            0x0800a0dd   Data           8  system_stm32f4xx.o(.constdata)
    __ctype_table                            0x0800a2f1   Data         129  ctype_o.o(.constdata)
    Region$$Table$$Base                      0x0800a800   Number         0  anon$$obj.o(Region$$Table)
    Region$$Table$$Limit                     0x0800a820   Number         0  anon$$obj.o(Region$$Table)
    uwTick                                   0x20000000   Data           4  stm32f4xx_hal.o(.data)
    StartTask_Handler                        0x20000010   Data           4  main.o(.data)
    Task1Task_Handler                        0x20000014   Data           4  main.o(.data)
    Task2Task_Handler                        0x20000018   Data           4  main.o(.data)
    msg_buf                                  0x2000001c   Data           4  main.o(.data)
    msg_readbuf                              0x20000020   Data           4  main.o(.data)
    pclient                                  0x20000024   Data           4  main.o(.data)
    attr_GGA_handler_list                    0x2000002c   Data          44  nmealib.o(.data)
    SystemCoreClock                          0x20000058   Data           4  system_stm32f4xx.o(.data)
    Uart4RxReady                             0x2000005c   Data           1  uart4.o(.data)
    Uart4TxReady                             0x2000005d   Data           1  uart4.o(.data)
    uart4_recv_start_flag                    0x20000068   Data           1  uart4.o(.data)
    Uart6RxReady                             0x2000006c   Data           1  uart6.o(.data)
    Uart6TxReady                             0x2000006d   Data           1  uart6.o(.data)
    Uart5RxReady                             0x20000078   Data           1  uart5.o(.data)
    Uart5TxReady                             0x20000079   Data           1  uart5.o(.data)
    pRxMessageLineStartPoint                 0x20000084   Data           4  uart5.o(.data)
    resolved_GPS_data_count                  0x20000088   Data           4  uart5.o(.data)
    g_iotLogLevel                            0x2000008c   Data           1  trace.o(.data)
    trace_error_table                        0x20000090   Data          32  trace.o(.data)
    pxCurrentTCB                             0x200000d4   Data           4  tasks.o(.data)
    global_cloud                             0x20000124   Data           4  cloud.o(.data)
    __stdout                                 0x20000134   Data           4  stdout.o(.data)
    __stderr                                 0x20000138   Data           4  stderr.o(.data)
    __microlib_freelist                      0x20000140   Data           4  mvars.o(.data)
    __microlib_freelist_initialised          0x20000144   Data           4  mvars.o(.data)
    TimHandle                                0x20000148   Data          60  stm32f4xx_hal_timebase_tim.o(.bss)
    Uart4Handle                              0x20000184   Data          64  uart4.o(.bss)
    Uart6Handle                              0x20000fc8   Data          64  uart6.o(.bss)
    Uart5Handle                              0x2000140c   Data          64  uart5.o(.bss)
    aRxMessageLine                           0x2000164d   Data          64  uart5.o(.bss)
    aRxGGALine                               0x2000168d   Data          64  uart5.o(.bss)
    GPS_data                                 0x200016d0   Data          32  uart5.o(.bss)
    tmp_GPS_data                             0x200016f0   Data          32  uart5.o(.bss)
    xQueueRegistry                           0x20014310   Data          64  queue.o(.bss)
    global_con                               0x20014648   Data         208  cloud.o(.bss)
    __heap_base                              0x20014718   Data           0  startup_stm32f407xx.o(HEAP)
    __heap_limit                             0x20015518   Data           0  startup_stm32f407xx.o(HEAP)
    __initial_sp                             0x20015b18   Data           0  startup_stm32f407xx.o(STACK)



==============================================================================

Memory Map of the image

  Image Entry point : 0x08000189

  Load Region LR_IROM1 (Base: 0x08000000, Size: 0x0000a968, Max: 0x00100000, ABSOLUTE, COMPRESSED[0x0000a868])

    Execution Region ER_IROM1 (Base: 0x08000000, Size: 0x0000a820, Max: 0x00100000, ABSOLUTE)

    Base Addr    Size         Type   Attr      Idx    E Section Name        Object

    0x08000000   0x00000188   Data   RO            3    RESET               startup_stm32f407xx.o
    0x08000188   0x00000000   Code   RO         7302  * .ARM.Collect$$$$00000000  mc_w.l(entry.o)
    0x08000188   0x00000004   Code   RO         7686    .ARM.Collect$$$$00000001  mc_w.l(entry2.o)
    0x0800018c   0x00000004   Code   RO         7689    .ARM.Collect$$$$00000004  mc_w.l(entry5.o)
    0x08000190   0x00000000   Code   RO         7691    .ARM.Collect$$$$00000008  mc_w.l(entry7b.o)
    0x08000190   0x00000000   Code   RO         7693    .ARM.Collect$$$$0000000A  mc_w.l(entry8b.o)
    0x08000190   0x00000008   Code   RO         7694    .ARM.Collect$$$$0000000B  mc_w.l(entry9a.o)
    0x08000198   0x00000000   Code   RO         7696    .ARM.Collect$$$$0000000D  mc_w.l(entry10a.o)
    0x08000198   0x00000000   Code   RO         7698    .ARM.Collect$$$$0000000F  mc_w.l(entry11a.o)
    0x08000198   0x00000004   Code   RO         7687    .ARM.Collect$$$$00002712  mc_w.l(entry2.o)
    0x0800019c   0x000000b6   Code   RO         5325    .emb_text           port.o
    0x08000252   0x00000002   PAD
    0x08000254   0x00000024   Code   RO            4    .text               startup_stm32f407xx.o
    0x08000278   0x0000000c   Code   RO         7309    .text               mc_w.l(toupper.o)
    0x08000284   0x00000024   Code   RO         7311    .text               mc_w.l(memcpya.o)
    0x080002a8   0x00000024   Code   RO         7313    .text               mc_w.l(memseta.o)
    0x080002cc   0x00000024   Code   RO         7315    .text               mc_w.l(strstr.o)
    0x080002f0   0x00000018   Code   RO         7317    .text               mc_w.l(strncpy.o)
    0x08000308   0x00000014   Code   RO         7319    .text               mc_w.l(strchr.o)
    0x0800031c   0x0000000e   Code   RO         7321    .text               mc_w.l(strlen.o)
    0x0800032a   0x0000001c   Code   RO         7323    .text               mc_w.l(strcmp.o)
    0x08000346   0x0000001a   Code   RO         7325    .text               mc_w.l(memcmp.o)
    0x08000360   0x00000012   Code   RO         7327    .text               mc_w.l(strcpy.o)
    0x08000372   0x0000001e   Code   RO         7329    .text               mc_w.l(strncmp.o)
    0x08000390   0x00000070   Code   RO         7641    .text               mc_w.l(strtol.o)
    0x08000400   0x0000001a   Code   RO         7643    .text               mc_w.l(atoi.o)
    0x0800041a   0x00000062   Code   RO         7702    .text               mc_w.l(uldiv.o)
    0x0800047c   0x00000020   Code   RO         7704    .text               mc_w.l(llushr.o)
    0x0800049c   0x00000008   Code   RO         7706    .text               mc_w.l(ctype_o.o)
    0x080004a4   0x0000001c   Code   RO         7736    .text               mc_w.l(_chval.o)
    0x080004c0   0x0000009e   Code   RO         7742    .text               mc_w.l(_strtoul.o)
    0x0800055e   0x00000002   PAD
    0x08000560   0x00000024   Code   RO         7761    .text               mc_w.l(init.o)
    0x08000584   0x0000001e   Code   RO         7763    .text               mc_w.l(llshl.o)
    0x080005a2   0x00000056   Code   RO         7786    .text               mc_w.l(__dczerorl2.o)
    0x080005f8   0x00000004   Code   RO         4054    i.BusFault_Handler  stm32f4xx_it.o
    0x080005fc   0x00000002   Code   RO         4055    i.DebugMon_Handler  stm32f4xx_it.o
    0x080005fe   0x00000002   PAD
    0x08000600   0x0000014c   Code   RO         6964    i.Gizwits_init      cloud.o
    0x0800074c   0x00000028   Code   RO         1155    i.HAL_DMA_Abort_IT  stm32f4xx_hal_dma.o
    0x08000774   0x0000001e   Code   RO          865    i.HAL_Delay         stm32f4xx_hal.o
    0x08000792   0x00000002   PAD
    0x08000794   0x00000200   Code   RO         1524    i.HAL_GPIO_Init     stm32f4xx_hal_gpio.o
    0x08000994   0x0000000c   Code   RO          870    i.HAL_GetREVID      stm32f4xx_hal.o
    0x080009a0   0x0000000c   Code   RO          871    i.HAL_GetTick       stm32f4xx_hal.o
    0x080009ac   0x00000010   Code   RO          873    i.HAL_IncTick       stm32f4xx_hal.o
    0x080009bc   0x00000030   Code   RO          874    i.HAL_Init          stm32f4xx_hal.o
    0x080009ec   0x00000098   Code   RO         4147    i.HAL_InitTick      stm32f4xx_hal_timebase_tim.o
    0x08000a84   0x00000002   Code   RO          877    i.HAL_MspInit       stm32f4xx_hal.o
    0x08000a86   0x0000001a   Code   RO         1016    i.HAL_NVIC_EnableIRQ  stm32f4xx_hal_cortex.o
    0x08000aa0   0x0000007c   Code   RO         1022    i.HAL_NVIC_SetPriority  stm32f4xx_hal_cortex.o
    0x08000b1c   0x00000028   Code   RO         1023    i.HAL_NVIC_SetPriorityGrouping  stm32f4xx_hal_cortex.o
    0x08000b44   0x000001d0   Code   RO         2093    i.HAL_RCC_ClockConfig  stm32f4xx_hal_rcc.o
    0x08000d14   0x00000044   Code   RO         2097    i.HAL_RCC_GetClockConfig  stm32f4xx_hal_rcc.o
    0x08000d58   0x0000000c   Code   RO         2098    i.HAL_RCC_GetHCLKFreq  stm32f4xx_hal_rcc.o
    0x08000d64   0x0000002c   Code   RO         2100    i.HAL_RCC_GetPCLK1Freq  stm32f4xx_hal_rcc.o
    0x08000d90   0x0000002c   Code   RO         2101    i.HAL_RCC_GetPCLK2Freq  stm32f4xx_hal_rcc.o
    0x08000dbc   0x000000b4   Code   RO         2102    i.HAL_RCC_GetSysClockFreq  stm32f4xx_hal_rcc.o
    0x08000e70   0x0000044c   Code   RO         2105    i.HAL_RCC_OscConfig  stm32f4xx_hal_rcc.o
    0x080012bc   0x00000002   Code   RO         3352    i.HAL_TIMEx_BreakCallback  stm32f4xx_hal_tim_ex.o
    0x080012be   0x00000002   Code   RO         3353    i.HAL_TIMEx_CommutationCallback  stm32f4xx_hal_tim_ex.o
    0x080012c0   0x00000034   Code   RO         2713    i.HAL_TIM_Base_Init  stm32f4xx_hal_tim.o
    0x080012f4   0x00000002   Code   RO         2715    i.HAL_TIM_Base_MspInit  stm32f4xx_hal_tim.o
    0x080012f6   0x0000001e   Code   RO         2718    i.HAL_TIM_Base_Start_IT  stm32f4xx_hal_tim.o
    0x08001314   0x00000002   Code   RO         2742    i.HAL_TIM_IC_CaptureCallback  stm32f4xx_hal_tim.o
    0x08001316   0x00000196   Code   RO         2755    i.HAL_TIM_IRQHandler  stm32f4xx_hal_tim.o
    0x080014ac   0x00000002   Code   RO         2758    i.HAL_TIM_OC_DelayElapsedCallback  stm32f4xx_hal_tim.o
    0x080014ae   0x00000002   Code   RO         2785    i.HAL_TIM_PWM_PulseFinishedCallback  stm32f4xx_hal_tim.o
    0x080014b0   0x0000000a   Code   RO         4150    i.HAL_TIM_PeriodElapsedCallback  stm32f4xx_hal_timebase_tim.o
    0x080014ba   0x00000002   Code   RO         2796    i.HAL_TIM_TriggerCallback  stm32f4xx_hal_tim.o
    0x080014bc   0x00000078   Code   RO         4606    i.HAL_UART4_RxCpltCallback  uart4.o
    0x08001534   0x0000000c   Code   RO         4607    i.HAL_UART4_TxCpltCallback  uart4.o
    0x08001540   0x0000017c   Code   RO         4999    i.HAL_UART5_RxCpltCallback  uart5.o
    0x080016bc   0x0000000c   Code   RO         5000    i.HAL_UART5_TxCpltCallback  uart5.o
    0x080016c8   0x0000006c   Code   RO         4873    i.HAL_UART6_RxCpltCallback  uart6.o
    0x08001734   0x0000000c   Code   RO         4874    i.HAL_UART6_TxCpltCallback  uart6.o
    0x08001740   0x00000002   Code   RO          428    i.HAL_UART_ErrorCallback  stm32f4xx_hal_uart.o
    0x08001742   0x00000002   PAD
    0x08001744   0x0000014c   Code   RO          431    i.HAL_UART_IRQHandler  stm32f4xx_hal_uart.o
    0x08001890   0x00000072   Code   RO          432    i.HAL_UART_Init     stm32f4xx_hal_uart.o
    0x08001902   0x00000002   PAD
    0x08001904   0x00000038   Code   RO         4019    i.HAL_UART_MspInit  stm32f4xx_hal_msp.o
    0x0800193c   0x00000064   Code   RO          437    i.HAL_UART_Receive_IT  stm32f4xx_hal_uart.o
    0x080019a0   0x0000003c   Code   RO         3849    i.HAL_UART_RxCpltCallback  main.o
    0x080019dc   0x00000058   Code   RO          442    i.HAL_UART_Transmit_IT  stm32f4xx_hal_uart.o
    0x08001a34   0x0000003c   Code   RO         3850    i.HAL_UART_TxCpltCallback  main.o
    0x08001a70   0x00000004   Code   RO         4056    i.HardFault_Handler  stm32f4xx_it.o
    0x08001a74   0x00000060   Code   RO         6670    i.HexToStr          tool.o
    0x08001ad4   0x00000060   Code   RO         4687    i.LM61_close_transparent_mode  lm61.o
    0x08001b34   0x0000015c   Code   RO         4696    i.LM61_sendAT       lm61.o
    0x08001c90   0x00000180   Code   RO         4697    i.LM61_sendAT_with_times  lm61.o
    0x08001e10   0x000001e4   Code   RO         4703    i.LM61_start_transparent_mode  lm61.o
    0x08001ff4   0x0000009c   Code   RO         4704    i.LM61_transparent_Read  lm61.o
    0x08002090   0x00000018   Code   RO         4705    i.LM61_transparent_Write  lm61.o
    0x080020a8   0x0000008c   Code   RO         4706    i.LM61_transparent_mode_sendData  lm61.o
    0x08002134   0x00000004   Code   RO         4057    i.MemManage_Handler  stm32f4xx_it.o
    0x08002138   0x00000002   Code   RO         4058    i.NMI_Handler       stm32f4xx_it.o
    0x0800213a   0x00000002   PAD
    0x0800213c   0x00000010   Code   RO         1029    i.NVIC_GetPriorityGrouping  stm32f4xx_hal_cortex.o
    0x0800214c   0x00000028   Code   RO         1030    i.NVIC_SetPriority  stm32f4xx_hal_cortex.o
    0x08002174   0x000000b4   Code   RO         4950    i.Rcc_Config        rcc.o
    0x08002228   0x00000040   Code   RO         7115    i.Rcon              aes.o
    0x08002268   0x00000050   Code   RO         6672    i.StrToHex_noSpace  tool.o
    0x080022b8   0x00000008   Code   RO         4061    i.SysTick_Handler   stm32f4xx_it.o
    0x080022c0   0x00000064   Code   RO         4570    i.SystemInit        system_stm32f4xx.o
    0x08002324   0x00000004   Code   RO         6611    i.TCP_set_client_state  tcpclient.o
    0x08002328   0x00000010   Code   RO         4151    i.TIM6_DAC_IRQHandler  stm32f4xx_hal_timebase_tim.o
    0x08002338   0x000000e4   Code   RO         2797    i.TIM_Base_SetConfig  stm32f4xx_hal_tim.o
    0x0800241c   0x00000010   Code   RO         4608    i.UART4_IRQHandler  uart4.o
    0x0800242c   0x00000020   Code   RO         4609    i.UART4_StartRecv   uart4.o
    0x0800244c   0x00000010   Code   RO         5001    i.UART5_IRQHandler  uart5.o
    0x0800245c   0x00000018   Code   RO         5002    i.UART5_StartRecv   uart5.o
    0x08002474   0x00000018   Code   RO         4875    i.UART6_StartRecv   uart6.o
    0x0800248c   0x00000014   Code   RO          445    i.UART_DMAAbortOnError  stm32f4xx_hal_uart.o
    0x080024a0   0x00000020   Code   RO          455    i.UART_EndRxTransfer  stm32f4xx_hal_uart.o
    0x080024c0   0x00000020   Code   RO          456    i.UART_EndTransmit_IT  stm32f4xx_hal_uart.o
    0x080024e0   0x0000009a   Code   RO          458    i.UART_Receive_IT   stm32f4xx_hal_uart.o
    0x0800257a   0x00000002   PAD
    0x0800257c   0x00000368   Code   RO          459    i.UART_SetConfig    stm32f4xx_hal_uart.o
    0x080028e4   0x00000068   Code   RO          460    i.UART_Transmit_IT  stm32f4xx_hal_uart.o
    0x0800294c   0x00000010   Code   RO         4876    i.USART6_IRQHandler  uart6.o
    0x0800295c   0x000000b0   Code   RO         4611    i.Uart4_MspInit     uart4.o
    0x08002a0c   0x000000a8   Code   RO         4614    i.Uart4_config      uart4.o
    0x08002ab4   0x000000b4   Code   RO         5004    i.Uart5_MspInit     uart5.o
    0x08002b68   0x000000a8   Code   RO         5007    i.Uart5_config      uart5.o
    0x08002c10   0x000000b4   Code   RO         4878    i.Uart6_MspInit     uart6.o
    0x08002cc4   0x00000074   Code   RO         4879    i.Uart6_RcvMsg      uart6.o
    0x08002d38   0x00000090   Code   RO         4880    i.Uart6_SendMsg     uart6.o
    0x08002dc8   0x000000a8   Code   RO         4881    i.Uart6_config      uart6.o
    0x08002e70   0x00000004   Code   RO         4062    i.UsageFault_Handler  stm32f4xx_it.o
    0x08002e74   0x0000001c   Code   RO         7547    i.__0fprintf$8      mc_w.l(printf8.o)
    0x08002e90   0x00000020   Code   RO         7548    i.__0printf$8       mc_w.l(printf8.o)
    0x08002eb0   0x00000028   Code   RO         7549    i.__0snprintf$8     mc_w.l(printf8.o)
    0x08002ed8   0x00000028   Code   RO         7550    i.__0sprintf$8      mc_w.l(printf8.o)
    0x08002f00   0x00000008   Code   RO         7630    i.__aeabi_errno_addr  mc_w.l(errno.o)
    0x08002f08   0x0000005c   Code   RO         7606    i.__free$realloc    mc_w.l(mallocr.o)
    0x08002f64   0x00000050   Code   RO         7607    i.__malloc$realloc  mc_w.l(mallocr.o)
    0x08002fb4   0x0000000e   Code   RO         7780    i.__scatterload_copy  mc_w.l(handlers.o)
    0x08002fc2   0x00000002   Code   RO         7781    i.__scatterload_null  mc_w.l(handlers.o)
    0x08002fc4   0x0000000e   Code   RO         7782    i.__scatterload_zeroinit  mc_w.l(handlers.o)
    0x08002fd2   0x00000002   PAD
    0x08002fd4   0x00000410   Code   RO         7555    i._printf_core      mc_w.l(printf8.o)
    0x080033e4   0x00000024   Code   RO         7556    i._printf_post_padding  mc_w.l(printf8.o)
    0x08003408   0x0000002e   Code   RO         7557    i._printf_pre_padding  mc_w.l(printf8.o)
    0x08003436   0x00000016   Code   RO         7558    i._snputc           mc_w.l(printf8.o)
    0x0800344c   0x0000000a   Code   RO         7559    i._sputc            mc_w.l(printf8.o)
    0x08003456   0x0000006c   Code   RO         7116    i.add_round_key     aes.o
    0x080034c2   0x00000002   PAD
    0x080034c4   0x00000034   Code   RO         7117    i.aesDestroy        aes.o
    0x080034f8   0x0000009e   Code   RO         7118    i.aesECB128Decrypt  aes.o
    0x08003596   0x00000002   PAD
    0x08003598   0x00000194   Code   RO         7119    i.aesECB128Encrypt  aes.o
    0x0800372c   0x00000030   Code   RO         7120    i.aesInit           aes.o
    0x0800375c   0x00000076   Code   RO         4440    i.attr_GGA_handler_AMSL  nmealib.o
    0x080037d2   0x0000008e   Code   RO         4441    i.attr_GGA_handler_HDOP  nmealib.o
    0x08003860   0x0000006c   Code   RO         4442    i.attr_GGA_handler_NSEW  nmealib.o
    0x080038cc   0x00000070   Code   RO         4443    i.attr_GGA_handler_header  nmealib.o
    0x0800393c   0x00000298   Code   RO         4444    i.attr_GGA_handler_loc  nmealib.o
    0x08003bd4   0x00000008   Code   RO         4445    i.attr_GGA_handler_none  nmealib.o
    0x08003bdc   0x0000008e   Code   RO         4446    i.attr_GGA_handler_time  nmealib.o
    0x08003c6a   0x00000002   PAD
    0x08003c6c   0x0000001c   Code   RO         6965    i.checkCPUendian    cloud.o
    0x08003c88   0x00000380   Code   RO         6966    i.check_ota         cloud.o
    0x08004008   0x00000088   Code   RO         4352    i.check_time_task   tcp_task.o
    0x08004090   0x000000ac   Code   RO         7121    i.cipher            aes.o
    0x0800413c   0x00000354   Code   RO         6967    i.cloud_do_mqtt     cloud.o
    0x08004490   0x000001f0   Code   RO         6968    i.cloud_do_one_packet  cloud.o
    0x08004680   0x0000022c   Code   RO         6969    i.cloud_init        cloud.o
    0x080048ac   0x00000720   Code   RO         6970    i.cloud_mqtt_connect  cloud.o
    0x08004fcc   0x00000058   Code   RO         6971    i.cloud_mqtt_ping   cloud.o
    0x08005024   0x000005d0   Code   RO         6974    i.cloud_provision_safe  cloud.o
    0x080055f4   0x00000150   Code   RO         6975    i.cloud_push_ota    cloud.o
    0x08005744   0x00000514   Code   RO         6977    i.cloud_register_safe  cloud.o
    0x08005c58   0x0000013c   Code   RO         6979    i.cloud_trans_data  cloud.o
    0x08005d94   0x00000024   Code   RO         7122    i.coef_add          aes.o
    0x08005db8   0x000000b2   Code   RO         7123    i.coef_mult         aes.o
    0x08005e6a   0x0000001c   Code   RO         6612    i.delay             tcpclient.o
    0x08005e86   0x00000002   PAD
    0x08005e88   0x0000029c   Code   RO         3851    i.device_check_and_init  main.o
    0x08006124   0x00000034   Code   RO         5077    i.fputc             trace.o
    0x08006158   0x00000380   Code   RO         6980    i.get_one_cloud_packet  cloud.o
    0x080064d8   0x00000030   Code   RO         7125    i.gmult             aes.o
    0x08006508   0x00000050   Code   RO         7608    i.internal_alloc    mc_w.l(mallocr.o)
    0x08006558   0x0000080e   Code   RO         7270    i.invSboxAssign     aesdata.o
    0x08006d66   0x00000002   PAD
    0x08006d68   0x0000002c   Code   RO         7127    i.invSboxInit       aes.o
    0x08006d94   0x000000ac   Code   RO         7128    i.inv_cipher        aes.o
    0x08006e40   0x00000058   Code   RO         7129    i.inv_mix_columns   aes.o
    0x08006e98   0x00000046   Code   RO         7130    i.inv_shift_rows    aes.o
    0x08006ede   0x00000002   PAD
    0x08006ee0   0x0000004c   Code   RO         7131    i.inv_sub_bytes     aes.o
    0x08006f2c   0x0000000c   Code   RO         4198    i.iot_platform_free  iot_platform.o
    0x08006f38   0x00000108   Code   RO         7132    i.key_expansion     aes.o
    0x08007040   0x00000088   Code   RO         3852    i.main              main.o
    0x080070c8   0x00000058   Code   RO         7133    i.mix_columns       aes.o
    0x08007120   0x00000334   Code   RO         6799    i.mqtt_connect      libemqtt.o
    0x08007454   0x0000005c   Code   RO         6801    i.mqtt_init         libemqtt.o
    0x080074b0   0x0000002e   Code   RO         6802    i.mqtt_init_auth    libemqtt.o
    0x080074de   0x00000030   Code   RO         6803    i.mqtt_num_rem_len_bytes  libemqtt.o
    0x0800750e   0x00000072   Code   RO         6804    i.mqtt_parse_msg_id  libemqtt.o
    0x08007580   0x0000002c   Code   RO         6809    i.mqtt_parse_rem_len  libemqtt.o
    0x080075ac   0x00000028   Code   RO         6810    i.mqtt_ping         libemqtt.o
    0x080075d4   0x00000006   Code   RO         6814    i.mqtt_set_alive    libemqtt.o
    0x080075da   0x00000002   PAD
    0x080075dc   0x000000d4   Code   RO         6815    i.mqtt_subscribe    libemqtt.o
    0x080076b0   0x00000074   Code   RO         4448    i.nmea_parse_GGA    nmealib.o
    0x08007724   0x00000018   Code   RO         6982    i.ntohs             cloud.o
    0x0800773c   0x0000000a   Code   RO         6244    i.osKernelStart     cmsis_os.o
    0x08007746   0x00000008   Code   RO         6277    i.osSystickHandler  cmsis_os.o
    0x0800774e   0x00000002   PAD
    0x08007750   0x0000002c   Code   RO         4449    i.parse_attr_GGA    nmealib.o
    0x0800777c   0x00000098   Code   RO         5697    i.prvAddCurrentTaskToDelayedList  tasks.o
    0x08007814   0x000000b8   Code   RO         5698    i.prvAddNewTaskToReadyList  tasks.o
    0x080078cc   0x00000064   Code   RO         6034    i.prvCheckForValidListAndQueue  timers.o
    0x08007930   0x00000064   Code   RO         5699    i.prvCheckTasksWaitingTermination  tasks.o
    0x08007994   0x0000002a   Code   RO         5490    i.prvCopyDataFromQueue  queue.o
    0x080079be   0x0000007c   Code   RO         5491    i.prvCopyDataToQueue  queue.o
    0x08007a3a   0x00000012   Code   RO         5700    i.prvDeleteTCB      tasks.o
    0x08007a4c   0x00000028   Code   RO         6035    i.prvGetNextExpireTime  timers.o
    0x08007a74   0x00000038   Code   RO         5409    i.prvHeapInit       heap_2.o
    0x08007aac   0x00000028   Code   RO         5701    i.prvIdleTask       tasks.o
    0x08007ad4   0x0000002a   Code   RO         5493    i.prvInitialiseNewQueue  queue.o
    0x08007afe   0x000000b4   Code   RO         5702    i.prvInitialiseNewTask  tasks.o
    0x08007bb2   0x00000002   PAD
    0x08007bb4   0x00000068   Code   RO         5703    i.prvInitialiseTaskLists  tasks.o
    0x08007c1c   0x00000058   Code   RO         6037    i.prvInsertTimerInActiveList  timers.o
    0x08007c74   0x0000001a   Code   RO         5494    i.prvIsQueueEmpty   queue.o
    0x08007c8e   0x0000001e   Code   RO         5495    i.prvIsQueueFull    queue.o
    0x08007cac   0x00000064   Code   RO         6038    i.prvProcessExpiredTimer  timers.o
    0x08007d10   0x000000f8   Code   RO         6039    i.prvProcessReceivedCommands  timers.o
    0x08007e08   0x00000074   Code   RO         6040    i.prvProcessTimerOrBlockTask  timers.o
    0x08007e7c   0x00000034   Code   RO         5705    i.prvResetNextTaskUnblockTime  tasks.o
    0x08007eb0   0x0000002c   Code   RO         6041    i.prvSampleTimeNow  timers.o
    0x08007edc   0x00000020   Code   RO         3853    i.prvSetupHardware  main.o
    0x08007efc   0x000000a0   Code   RO         6042    i.prvSwitchTimerLists  timers.o
    0x08007f9c   0x00000040   Code   RO         5326    i.prvTaskExitError  port.o
    0x08007fdc   0x0000001a   Code   RO         6043    i.prvTimerTask      timers.o
    0x08007ff6   0x0000007e   Code   RO         5496    i.prvUnlockQueue    queue.o
    0x08008074   0x000000c4   Code   RO         5410    i.pvPortMalloc      heap_2.o
    0x08008138   0x00000020   Code   RO         5708    i.pvTaskIncrementMutexHeldCount  tasks.o
    0x08008158   0x0000002c   Code   RO         5327    i.pxPortInitialiseStack  port.o
    0x08008184   0x00000044   Code   RO         6679    i.readn             tool.o
    0x080081c8   0x00000018   Code   RO         7134    i.rot_word          aes.o
    0x080081e0   0x0000080e   Code   RO         7271    i.sboxAssign        aesdata.o
    0x080089ee   0x0000001a   Code   RO         6983    i.send_packet       cloud.o
    0x08008a08   0x00000006   Code   RO         6680    i.set_sock_time     tool.o
    0x08008a0e   0x00000046   Code   RO         7135    i.shift_rows        aes.o
    0x08008a54   0x0000005c   Code   RO         6681    i.sock_connect_by_domain  tool.o
    0x08008ab0   0x00000014   Code   RO         6683    i.sock_disconnect   tool.o
    0x08008ac4   0x00000078   Code   RO         3854    i.start_task        main.o
    0x08008b3c   0x0000004c   Code   RO         7136    i.sub_bytes         aes.o
    0x08008b88   0x00000030   Code   RO         7137    i.sub_word          aes.o
    0x08008bb8   0x00000058   Code   RO         4354    i.tcp_recv_task     tcp_task.o
    0x08008c10   0x00000070   Code   RO         4355    i.tcp_send_task     tcp_task.o
    0x08008c80   0x00000028   Code   RO         5453    i.uxListRemove      list.o
    0x08008ca8   0x00000074   Code   RO         3856    i.vApplicationMallocFailedHook  main.o
    0x08008d1c   0x00000074   Code   RO         3857    i.vApplicationStackOverflowHook  main.o
    0x08008d90   0x0000001a   Code   RO         5454    i.vListInitialise   list.o
    0x08008daa   0x00000006   Code   RO         5455    i.vListInitialiseItem  list.o
    0x08008db0   0x00000034   Code   RO         5456    i.vListInsert       list.o
    0x08008de4   0x00000018   Code   RO         5457    i.vListInsertEnd    list.o
    0x08008dfc   0x00000054   Code   RO         5329    i.vPortEnterCritical  port.o
    0x08008e50   0x0000003c   Code   RO         5330    i.vPortExitCritical  port.o
    0x08008e8c   0x00000040   Code   RO         5411    i.vPortFree         heap_2.o
    0x08008ecc   0x00000020   Code   RO         5331    i.vPortSetupTimerInterrupt  port.o
    0x08008eec   0x00000078   Code   RO         5332    i.vPortValidateInterruptPriority  port.o
    0x08008f64   0x0000002c   Code   RO         5502    i.vQueueAddToRegistry  queue.o
    0x08008f90   0x0000004a   Code   RO         5506    i.vQueueWaitForMessageRestricted  queue.o
    0x08008fda   0x00000002   PAD
    0x08008fdc   0x0000005c   Code   RO         5716    i.vTaskDelay        tasks.o
    0x08009038   0x000000f4   Code   RO         5718    i.vTaskDelete       tasks.o
    0x0800912c   0x0000000c   Code   RO         5721    i.vTaskMissedYield  tasks.o
    0x08009138   0x00000038   Code   RO         5723    i.vTaskPlaceOnEventList  tasks.o
    0x08009170   0x00000040   Code   RO         5724    i.vTaskPlaceOnEventListRestricted  tasks.o
    0x080091b0   0x000000b0   Code   RO         5726    i.vTaskPriorityInherit  tasks.o
    0x08009260   0x00000030   Code   RO         5730    i.vTaskSetTimeOutState  tasks.o
    0x08009290   0x00000094   Code   RO         5731    i.vTaskStartScheduler  tasks.o
    0x08009324   0x00000010   Code   RO         5733    i.vTaskSuspendAll   tasks.o
    0x08009334   0x000000c4   Code   RO         5734    i.vTaskSwitchContext  tasks.o
    0x080093f8   0x00000006   Code   RO         6685    i.write_config      tool.o
    0x080093fe   0x00000018   Code   RO         6686    i.writen            tool.o
    0x08009416   0x00000002   PAD
    0x08009418   0x0000013c   Code   RO         5333    i.xPortStartScheduler  port.o
    0x08009554   0x00000034   Code   RO         5334    i.xPortSysTickHandler  port.o
    0x08009588   0x00000058   Code   RO         5509    i.xQueueGenericCreate  queue.o
    0x080095e0   0x000001c4   Code   RO         5510    i.xQueueGenericReceive  queue.o
    0x080097a4   0x00000098   Code   RO         5511    i.xQueueGenericReset  queue.o
    0x0800983c   0x000001a8   Code   RO         5512    i.xQueueGenericSend  queue.o
    0x080099e4   0x000000f8   Code   RO         5513    i.xQueueGenericSendFromISR  queue.o
    0x08009adc   0x0000008c   Code   RO         5735    i.xTaskCheckForTimeOut  tasks.o
    0x08009b68   0x00000060   Code   RO         5736    i.xTaskCreate       tasks.o
    0x08009bc8   0x00000020   Code   RO         5740    i.xTaskGetSchedulerState  tasks.o
    0x08009be8   0x0000000c   Code   RO         5741    i.xTaskGetTickCount  tasks.o
    0x08009bf4   0x00000148   Code   RO         5743    i.xTaskIncrementTick  tasks.o
    0x08009d3c   0x000000c8   Code   RO         5746    i.xTaskPriorityDisinherit  tasks.o
    0x08009e04   0x00000098   Code   RO         5747    i.xTaskRemoveFromEventList  tasks.o
    0x08009e9c   0x00000104   Code   RO         5749    i.xTaskResumeAll    tasks.o
    0x08009fa0   0x00000058   Code   RO         6047    i.xTimerCreateTimerTask  timers.o
    0x08009ff8   0x00000084   Code   RO         6048    i.xTimerGenericCommand  timers.o
    0x0800a07c   0x00000051   Data   RO         3858    .constdata          main.o
    0x0800a0cd   0x00000018   Data   RO         4571    .constdata          system_stm32f4xx.o
    0x0800a0e5   0x0000001b   Data   RO         4616    .constdata          uart4.o
    0x0800a100   0x000000ea   Data   RO         4715    .constdata          lm61.o
    0x0800a1ea   0x0000001b   Data   RO         4883    .constdata          uart6.o
    0x0800a205   0x0000001b   Data   RO         5009    .constdata          uart5.o
    0x0800a220   0x000000d1   Data   RO         6985    .constdata          cloud.o
    0x0800a2f1   0x00000081   Data   RO         7707    .constdata          mc_w.l(ctype_o.o)
    0x0800a372   0x00000002   PAD
    0x0800a374   0x00000004   Data   RO         7708    .constdata          mc_w.l(ctype_o.o)
    0x0800a378   0x00000029   Data   RO         5080    .conststring        trace.o
    0x0800a3a1   0x00000003   PAD
    0x0800a3a4   0x0000004c   Data   RO         6817    .conststring        libemqtt.o
    0x0800a3f0   0x0000040d   Data   RO         6986    .conststring        cloud.o
    0x0800a7fd   0x00000003   PAD
    0x0800a800   0x00000020   Data   RO         7778    Region$$Table       anon$$obj.o


    Execution Region RW_IRAM1 (Base: 0x20000000, Size: 0x00015b18, Max: 0x00020000, ABSOLUTE, COMPRESSED[0x00000048])

    Base Addr    Size         Type   Attr      Idx    E Section Name        Object

    0x20000000   0x00000004   Data   RW          880    .data               stm32f4xx_hal.o
    0x20000004   0x00000024   Data   RW         3859    .data               main.o
    0x20000028   0x00000004   Data   RW         4357    .data               tcp_task.o
    0x2000002c   0x0000002c   Data   RW         4450    .data               nmealib.o
    0x20000058   0x00000004   Data   RW         4572    .data               system_stm32f4xx.o
    0x2000005c   0x0000000d   Data   RW         4617    .data               uart4.o
    0x20000069   0x00000003   PAD
    0x2000006c   0x0000000c   Data   RW         4884    .data               uart6.o
    0x20000078   0x00000014   Data   RW         5010    .data               uart5.o
    0x2000008c   0x00000024   Data   RW         5081    .data               trace.o
    0x200000b0   0x0000000c   Data   RW         5335    .data               port.o
    0x200000bc   0x00000018   Data   RW         5415    .data               heap_2.o
    0x200000d4   0x0000003c   Data   RW         5752    .data               tasks.o
    0x20000110   0x00000014   Data   RW         6054    .data               timers.o
    0x20000124   0x00000004   Data   RW         6987    .data               cloud.o
    0x20000128   0x0000000c   Data   RW         7138    .data               aes.o
    0x20000134   0x00000004   Data   RW         7307    .data               mc_w.l(stdout.o)
    0x20000138   0x00000004   Data   RW         7308    .data               mc_w.l(stderr.o)
    0x2000013c   0x00000004   Data   RW         7633    .data               mc_w.l(errno.o)
    0x20000140   0x00000004   Data   RW         7734    .data               mc_w.l(mvars.o)
    0x20000144   0x00000004   Data   RW         7735    .data               mc_w.l(mvars.o)
    0x20000148   0x0000003c   Zero   RW         4152    .bss                stm32f4xx_hal_timebase_tim.o
    0x20000184   0x00000241   Zero   RW         4615    .bss                uart4.o
    0x200003c5   0x00000c00   Zero   RW         4714    .bss                lm61.o
    0x20000fc5   0x00000003   PAD
    0x20000fc8   0x00000441   Zero   RW         4882    .bss                uart6.o
    0x20001409   0x00000003   PAD
    0x2000140c   0x00000304   Zero   RW         5008    .bss                uart5.o
    0x20001710   0x00012c00   Zero   RW         5414    .bss                heap_2.o
    0x20014310   0x00000040   Zero   RW         5521    .bss                queue.o
    0x20014350   0x000002d0   Zero   RW         5751    .bss                tasks.o
    0x20014620   0x00000028   Zero   RW         6053    .bss                timers.o
    0x20014648   0x000000d0   Zero   RW         6984    .bss                cloud.o
    0x20014718   0x00000e00   Zero   RW            2    HEAP                startup_stm32f407xx.o
    0x20015518   0x00000600   Zero   RW            1    STACK               startup_stm32f407xx.o


==============================================================================

Image component sizes


      Code (inc. data)   RO Data    RW Data    ZI Data      Debug   Object Name

      2288        214          0         12          0      14367   aes.o
      4124          0          0          0          0       4517   aesdata.o
      9458       3774       1246          4        208      20255   cloud.o
        18          0          0          0          0      10635   cmsis_os.o
       316         48          0         24      76800       3615   heap_2.o
        12          0          0          0          0       1084   iot_platform.o
      1422        148         76          0          0       7616   libemqtt.o
       148          0          0          0          0       3174   list.o
      1632        788        234          0       3072      12795   lm61.o
      1308        644         81         36          0      34607   main.o
      1454         22          0         44          0       8471   nmealib.o
       954         92          0         12          0      11381   port.o
      1872         22          0          0         64      21077   queue.o
       180         12          0          0          0        993   rcc.o
        36          8        392          0       5120        844   startup_stm32f407xx.o
       120         18          0          4          0       4909   stm32f4xx_hal.o
         0          0          0          0          0     675776   stm32f4xx_hal_adc.o
       246         22          0          0          0      30134   stm32f4xx_hal_cortex.o
        40          0          0          0          0       1135   stm32f4xx_hal_dma.o
       512         46          0          0          0       1652   stm32f4xx_hal_gpio.o
        56          6          0          0          0        911   stm32f4xx_hal_msp.o
      1912         90          0          0          0       6145   stm32f4xx_hal_rcc.o
       726         44          0          0          0       6294   stm32f4xx_hal_tim.o
         4          0          0          0          0       1602   stm32f4xx_hal_tim_ex.o
       178         24          0          0         60       2581   stm32f4xx_hal_timebase_tim.o
      1850         14          0          0          0       8224   stm32f4xx_hal_uart.o
        28          0          0          0          0       8367   stm32f4xx_it.o
       100         18         24          4          0       1159   system_stm32f4xx.o
      3134        410          0         60        720      22931   tasks.o
       336        154          0          4          0      11373   tcp_task.o
        32          0          0          0          0       1801   tcpclient.o
      1142        118          0         20         40       9155   timers.o
       392         40          0          0          0       7341   tool.o
        52          8         41         36          0       5666   trace.o
       524        140         27         13        577       4752   uart4.o
       780        164         27         20        772       5147   uart5.o
       768        230         27         12       1089       5554   uart6.o

    ----------------------------------------------------------------------
     38190       7318       2213        308      88528     978040   Object Totals
         0          0         32          0          0          0   (incl. Generated)
        36          0          6          3          6          0   (incl. Padding)

    ----------------------------------------------------------------------

      Code (inc. data)   RO Data    RW Data    ZI Data      Debug   Library Member Name

        86          0          0          0          0          0   __dczerorl2.o
        28          0          0          0          0         68   _chval.o
       158          0          0          0          0         92   _strtoul.o
        26          0          0          0          0         80   atoi.o
         8          4        133          0          0         68   ctype_o.o
         0          0          0          0          0          0   entry.o
         0          0          0          0          0          0   entry10a.o
         0          0          0          0          0          0   entry11a.o
         8          4          0          0          0          0   entry2.o
         4          0          0          0          0          0   entry5.o
         0          0          0          0          0          0   entry7b.o
         0          0          0          0          0          0   entry8b.o
         8          4          0          0          0          0   entry9a.o
         8          4          0          4          0         68   errno.o
        30          0          0          0          0          0   handlers.o
        36          8          0          0          0         68   init.o
        30          0          0          0          0         68   llshl.o
        32          0          0          0          0         68   llushr.o
       252         24          0          0          0        252   mallocr.o
        26          0          0          0          0         80   memcmp.o
        36          0          0          0          0         68   memcpya.o
        36          0          0          0          0        108   memseta.o
         0          0          0          8          0          0   mvars.o
      1294         70          0          0          0        740   printf8.o
         0          0          0          4          0          0   stderr.o
         0          0          0          4          0          0   stdout.o
        20          0          0          0          0         68   strchr.o
        28          0          0          0          0         76   strcmp.o
        18          0          0          0          0         68   strcpy.o
        14          0          0          0          0         68   strlen.o
        30          0          0          0          0         80   strncmp.o
        24          0          0          0          0         76   strncpy.o
        36          0          0          0          0         80   strstr.o
       112          0          0          0          0         88   strtol.o
        12          0          0          0          0         68   toupper.o
        98          0          0          0          0         92   uldiv.o

    ----------------------------------------------------------------------
      2502        118        135         20          0       2592   Library Totals
         4          0          2          0          0          0   (incl. Padding)

    ----------------------------------------------------------------------

      Code (inc. data)   RO Data    RW Data    ZI Data      Debug   Library Name

      2498        118        133         20          0       2592   mc_w.l

    ----------------------------------------------------------------------
      2502        118        135         20          0       2592   Library Totals

    ----------------------------------------------------------------------

==============================================================================


      Code (inc. data)   RO Data    RW Data    ZI Data      Debug   

     40692       7436       2348        328      88528     957112   Grand Totals
     40692       7436       2348         72      88528     957112   ELF Image Totals (compressed)
     40692       7436       2348         72          0          0   ROM Totals

==============================================================================

    Total RO  Size (Code + RO Data)                43040 (  42.03kB)
    Total RW  Size (RW Data + ZI Data)             88856 (  86.77kB)
    Total ROM Size (Code + RO Data + RW Data)      43112 (  42.10kB)

==============================================================================

